CRITICAL - 2026-06-19 07:46:36 --> ParseError: syntax error, unexpected token "}", expecting "("
[Method: GET, Route: patient/]
in APPPATH\Controllers\PatientController.php on line 208.
 1 SYSTEMPATH\Autoloader\Autoloader.php(296): CodeIgniter\Autoloader\Autoloader->includeFile('C:\\Users\\FBI DENIS STORE\\Desktop\\TestBachelor\\HospitalBack\\app\\Controllers\\PatientController.php')
 2 SYSTEMPATH\Autoloader\Autoloader.php(272): CodeIgniter\Autoloader\Autoloader->loadInNamespace('App\\Controllers\\PatientController')
 3 [internal function]: CodeIgniter\Autoloader\Autoloader->loadClass('App\\Controllers\\PatientController')
 4 SYSTEMPATH\CodeIgniter.php(887): class_exists('\\App\\Controllers\\PatientController', true)
 5 SYSTEMPATH\CodeIgniter.php(496): CodeIgniter\CodeIgniter->startController()
 6 SYSTEMPATH\CodeIgniter.php(355): CodeIgniter\CodeIgniter->handleRequest(null, Object(Config\Cache), false)
 7 SYSTEMPATH\Boot.php(325): CodeIgniter\CodeIgniter->run()
 8 SYSTEMPATH\Boot.php(67): CodeIgniter\Boot::runCodeIgniter(Object(CodeIgniter\CodeIgniter))
 9 FCPATH\index.php(56): CodeIgniter\Boot::bootWeb(Object(Config\Paths))
10 SYSTEMPATH\rewrite.php(44): require_once('C:\\Users\\FBI DENIS STORE\\Desktop\\TestBachelor\\HospitalBack\\public\\index.php')
CRITICAL - 2026-06-19 07:46:50 --> ParseError: syntax error, unexpected token "}", expecting "("
[Method: GET, Route: patient/]
in APPPATH\Controllers\PatientController.php on line 208.
 1 SYSTEMPATH\Autoloader\Autoloader.php(296): CodeIgniter\Autoloader\Autoloader->includeFile('C:\\Users\\FBI DENIS STORE\\Desktop\\TestBachelor\\HospitalBack\\app\\Controllers\\PatientController.php')
 2 SYSTEMPATH\Autoloader\Autoloader.php(272): CodeIgniter\Autoloader\Autoloader->loadInNamespace('App\\Controllers\\PatientController')
 3 [internal function]: CodeIgniter\Autoloader\Autoloader->loadClass('App\\Controllers\\PatientController')
 4 SYSTEMPATH\CodeIgniter.php(887): class_exists('\\App\\Controllers\\PatientController', true)
 5 SYSTEMPATH\CodeIgniter.php(496): CodeIgniter\CodeIgniter->startController()
 6 SYSTEMPATH\CodeIgniter.php(355): CodeIgniter\CodeIgniter->handleRequest(null, Object(Config\Cache), false)
 7 SYSTEMPATH\Boot.php(325): CodeIgniter\CodeIgniter->run()
 8 SYSTEMPATH\Boot.php(67): CodeIgniter\Boot::runCodeIgniter(Object(CodeIgniter\CodeIgniter))
 9 FCPATH\index.php(56): CodeIgniter\Boot::bootWeb(Object(Config\Paths))
10 SYSTEMPATH\rewrite.php(44): require_once('C:\\Users\\FBI DENIS STORE\\Desktop\\TestBachelor\\HospitalBack\\public\\index.php')
CRITICAL - 2026-06-19 07:46:50 --> ParseError: syntax error, unexpected token "}", expecting "("
[Method: GET, Route: patient/]
in APPPATH\Controllers\PatientController.php on line 208.
 1 SYSTEMPATH\Autoloader\Autoloader.php(296): CodeIgniter\Autoloader\Autoloader->includeFile('C:\\Users\\FBI DENIS STORE\\Desktop\\TestBachelor\\HospitalBack\\app\\Controllers\\PatientController.php')
 2 SYSTEMPATH\Autoloader\Autoloader.php(272): CodeIgniter\Autoloader\Autoloader->loadInNamespace('App\\Controllers\\PatientController')
 3 [internal function]: CodeIgniter\Autoloader\Autoloader->loadClass('App\\Controllers\\PatientController')
 4 SYSTEMPATH\CodeIgniter.php(887): class_exists('\\App\\Controllers\\PatientController', true)
 5 SYSTEMPATH\CodeIgniter.php(496): CodeIgniter\CodeIgniter->startController()
 6 SYSTEMPATH\CodeIgniter.php(355): CodeIgniter\CodeIgniter->handleRequest(null, Object(Config\Cache), false)
 7 SYSTEMPATH\Boot.php(325): CodeIgniter\CodeIgniter->run()
 8 SYSTEMPATH\Boot.php(67): CodeIgniter\Boot::runCodeIgniter(Object(CodeIgniter\CodeIgniter))
 9 FCPATH\index.php(56): CodeIgniter\Boot::bootWeb(Object(Config\Paths))
10 SYSTEMPATH\rewrite.php(44): require_once('C:\\Users\\FBI DENIS STORE\\Desktop\\TestBachelor\\HospitalBack\\public\\index.php')
CRITICAL - 2026-06-19 07:47:04 --> ParseError: syntax error, unexpected token "}", expecting "("
[Method: GET, Route: patient/]
in APPPATH\Controllers\PatientController.php on line 208.
 1 SYSTEMPATH\Autoloader\Autoloader.php(296): CodeIgniter\Autoloader\Autoloader->includeFile('C:\\Users\\FBI DENIS STORE\\Desktop\\TestBachelor\\HospitalBack\\app\\Controllers\\PatientController.php')
 2 SYSTEMPATH\Autoloader\Autoloader.php(272): CodeIgniter\Autoloader\Autoloader->loadInNamespace('App\\Controllers\\PatientController')
 3 [internal function]: CodeIgniter\Autoloader\Autoloader->loadClass('App\\Controllers\\PatientController')
 4 SYSTEMPATH\CodeIgniter.php(887): class_exists('\\App\\Controllers\\PatientController', true)
 5 SYSTEMPATH\CodeIgniter.php(496): CodeIgniter\CodeIgniter->startController()
 6 SYSTEMPATH\CodeIgniter.php(355): CodeIgniter\CodeIgniter->handleRequest(null, Object(Config\Cache), false)
 7 SYSTEMPATH\Boot.php(325): CodeIgniter\CodeIgniter->run()
 8 SYSTEMPATH\Boot.php(67): CodeIgniter\Boot::runCodeIgniter(Object(CodeIgniter\CodeIgniter))
 9 FCPATH\index.php(56): CodeIgniter\Boot::bootWeb(Object(Config\Paths))
10 SYSTEMPATH\rewrite.php(44): require_once('C:\\Users\\FBI DENIS STORE\\Desktop\\TestBachelor\\HospitalBack\\public\\index.php')
CRITICAL - 2026-06-19 07:47:14 --> ParseError: syntax error, unexpected token "}", expecting "("
[Method: GET, Route: patient/]
in APPPATH\Controllers\PatientController.php on line 208.
 1 SYSTEMPATH\Autoloader\Autoloader.php(296): CodeIgniter\Autoloader\Autoloader->includeFile('C:\\Users\\FBI DENIS STORE\\Desktop\\TestBachelor\\HospitalBack\\app\\Controllers\\PatientController.php')
 2 SYSTEMPATH\Autoloader\Autoloader.php(272): CodeIgniter\Autoloader\Autoloader->loadInNamespace('App\\Controllers\\PatientController')
 3 [internal function]: CodeIgniter\Autoloader\Autoloader->loadClass('App\\Controllers\\PatientController')
 4 SYSTEMPATH\CodeIgniter.php(887): class_exists('\\App\\Controllers\\PatientController', true)
 5 SYSTEMPATH\CodeIgniter.php(496): CodeIgniter\CodeIgniter->startController()
 6 SYSTEMPATH\CodeIgniter.php(355): CodeIgniter\CodeIgniter->handleRequest(null, Object(Config\Cache), false)
 7 SYSTEMPATH\Boot.php(325): CodeIgniter\CodeIgniter->run()
 8 SYSTEMPATH\Boot.php(67): CodeIgniter\Boot::runCodeIgniter(Object(CodeIgniter\CodeIgniter))
 9 FCPATH\index.php(56): CodeIgniter\Boot::bootWeb(Object(Config\Paths))
10 SYSTEMPATH\rewrite.php(44): require_once('C:\\Users\\FBI DENIS STORE\\Desktop\\TestBachelor\\HospitalBack\\public\\index.php')
CRITICAL - 2026-06-19 07:47:56 --> ParseError: syntax error, unexpected token "}", expecting "("
[Method: GET, Route: patient/]
in APPPATH\Controllers\PatientController.php on line 208.
 1 SYSTEMPATH\Autoloader\Autoloader.php(296): CodeIgniter\Autoloader\Autoloader->includeFile('C:\\Users\\FBI DENIS STORE\\Desktop\\TestBachelor\\HospitalBack\\app\\Controllers\\PatientController.php')
 2 SYSTEMPATH\Autoloader\Autoloader.php(272): CodeIgniter\Autoloader\Autoloader->loadInNamespace('App\\Controllers\\PatientController')
 3 [internal function]: CodeIgniter\Autoloader\Autoloader->loadClass('App\\Controllers\\PatientController')
 4 SYSTEMPATH\CodeIgniter.php(887): class_exists('\\App\\Controllers\\PatientController', true)
 5 SYSTEMPATH\CodeIgniter.php(496): CodeIgniter\CodeIgniter->startController()
 6 SYSTEMPATH\CodeIgniter.php(355): CodeIgniter\CodeIgniter->handleRequest(null, Object(Config\Cache), false)
 7 SYSTEMPATH\Boot.php(325): CodeIgniter\CodeIgniter->run()
 8 SYSTEMPATH\Boot.php(67): CodeIgniter\Boot::runCodeIgniter(Object(CodeIgniter\CodeIgniter))
 9 FCPATH\index.php(56): CodeIgniter\Boot::bootWeb(Object(Config\Paths))
10 SYSTEMPATH\rewrite.php(44): require_once('C:\\Users\\FBI DENIS STORE\\Desktop\\TestBachelor\\HospitalBack\\public\\index.php')
CRITICAL - 2026-06-19 08:07:16 --> ErrorException: Undefined property: App\Controllers\PatientController::$medicAct_model
[Method: GET, Route: patient/patientHistory/1]
in APPPATH\Controllers\PatientController.php on line 209.
 1 APPPATH\Controllers\PatientController.php(209): CodeIgniter\Debug\Exceptions->errorHandler(2, 'Undefined property: App\\Controllers\\PatientController::$medicAct_model', 'C:\\Users\\FBI DENIS STORE\\Desktop\\TestBachelor\\HospitalBack\\app\\Controllers\\PatientController.php', 209)
 2 SYSTEMPATH\CodeIgniter.php(933): App\Controllers\PatientController->getPatientHistory('1')
 3 SYSTEMPATH\CodeIgniter.php(509): CodeIgniter\CodeIgniter->runController(Object(App\Controllers\PatientController))
 4 SYSTEMPATH\CodeIgniter.php(355): CodeIgniter\CodeIgniter->handleRequest(null, Object(Config\Cache), false)
 5 SYSTEMPATH\Boot.php(325): CodeIgniter\CodeIgniter->run()
 6 SYSTEMPATH\Boot.php(67): CodeIgniter\Boot::runCodeIgniter(Object(CodeIgniter\CodeIgniter))
 7 FCPATH\index.php(56): CodeIgniter\Boot::bootWeb(Object(Config\Paths))
 8 SYSTEMPATH\rewrite.php(44): require_once('C:\\Users\\FBI DENIS STORE\\Desktop\\TestBachelor\\HospitalBack\\public\\index.php')
CRITICAL - 2026-06-19 08:20:37 --> ErrorException: Undefined property: App\Controllers\PatientController::$medicAct_model
[Method: GET, Route: patient/patientHistory/1]
in APPPATH\Controllers\PatientController.php on line 224.
 1 APPPATH\Controllers\PatientController.php(224): CodeIgniter\Debug\Exceptions->errorHandler(2, 'Undefined property: App\\Controllers\\PatientController::$medicAct_model', 'C:\\Users\\FBI DENIS STORE\\Desktop\\TestBachelor\\HospitalBack\\app\\Controllers\\PatientController.php', 224)
 2 SYSTEMPATH\CodeIgniter.php(933): App\Controllers\PatientController->getPatientHistory('1')
 3 SYSTEMPATH\CodeIgniter.php(509): CodeIgniter\CodeIgniter->runController(Object(App\Controllers\PatientController))
 4 SYSTEMPATH\CodeIgniter.php(355): CodeIgniter\CodeIgniter->handleRequest(null, Object(Config\Cache), false)
 5 SYSTEMPATH\Boot.php(325): CodeIgniter\CodeIgniter->run()
 6 SYSTEMPATH\Boot.php(67): CodeIgniter\Boot::runCodeIgniter(Object(CodeIgniter\CodeIgniter))
 7 FCPATH\index.php(56): CodeIgniter\Boot::bootWeb(Object(Config\Paths))
 8 SYSTEMPATH\rewrite.php(44): require_once('C:\\Users\\FBI DENIS STORE\\Desktop\\TestBachelor\\HospitalBack\\public\\index.php')
CRITICAL - 2026-06-19 08:22:43 --> ErrorException: Undefined variable $act
[Method: GET, Route: patient/patientHistory/8]
in APPPATH\Controllers\PatientController.php on line 247.
 1 APPPATH\Controllers\PatientController.php(247): CodeIgniter\Debug\Exceptions->errorHandler(2, 'Undefined variable $act', 'C:\\Users\\FBI DENIS STORE\\Desktop\\TestBachelor\\HospitalBack\\app\\Controllers\\PatientController.php', 247)
 2 SYSTEMPATH\CodeIgniter.php(933): App\Controllers\PatientController->getPatientHistory('8')
 3 SYSTEMPATH\CodeIgniter.php(509): CodeIgniter\CodeIgniter->runController(Object(App\Controllers\PatientController))
 4 SYSTEMPATH\CodeIgniter.php(355): CodeIgniter\CodeIgniter->handleRequest(null, Object(Config\Cache), false)
 5 SYSTEMPATH\Boot.php(325): CodeIgniter\CodeIgniter->run()
 6 SYSTEMPATH\Boot.php(67): CodeIgniter\Boot::runCodeIgniter(Object(CodeIgniter\CodeIgniter))
 7 FCPATH\index.php(56): CodeIgniter\Boot::bootWeb(Object(Config\Paths))
 8 SYSTEMPATH\rewrite.php(44): require_once('C:\\Users\\FBI DENIS STORE\\Desktop\\TestBachelor\\HospitalBack\\public\\index.php')
CRITICAL - 2026-06-19 09:45:45 --> CodeIgniter\HTTP\Exceptions\BadRequestException: The URI you submitted has disallowed characters: "[object PointerEvent]"
[Method: GET, Route: patient/patientHistory/%5Bobject%20PointerEvent%5D]
in SYSTEMPATH\Router\Router.php on line 737.
 1 SYSTEMPATH\Router\Router.php(204): CodeIgniter\Router\Router->checkDisallowedChars('patient/patientHistory/[object PointerEvent]')
 2 SYSTEMPATH\CodeIgniter.php(834): CodeIgniter\Router\Router->handle('patient/patientHistory/[object PointerEvent]')
 3 SYSTEMPATH\CodeIgniter.php(457): CodeIgniter\CodeIgniter->tryToRouteIt(Object(CodeIgniter\Router\RouteCollection))
 4 SYSTEMPATH\CodeIgniter.php(355): CodeIgniter\CodeIgniter->handleRequest(null, Object(Config\Cache), false)
 5 SYSTEMPATH\Boot.php(325): CodeIgniter\CodeIgniter->run()
 6 SYSTEMPATH\Boot.php(67): CodeIgniter\Boot::runCodeIgniter(Object(CodeIgniter\CodeIgniter))
 7 FCPATH\index.php(56): CodeIgniter\Boot::bootWeb(Object(Config\Paths))
 8 SYSTEMPATH\rewrite.php(44): require_once('C:\\Users\\FBI DENIS STORE\\Desktop\\TestBachelor\\HospitalBack\\public\\index.php')
CRITICAL - 2026-06-19 09:47:12 --> CodeIgniter\HTTP\Exceptions\BadRequestException: The URI you submitted has disallowed characters: "[object PointerEvent]"
[Method: GET, Route: patient/patientHistory/%5Bobject%20PointerEvent%5D]
in SYSTEMPATH\Router\Router.php on line 737.
 1 SYSTEMPATH\Router\Router.php(204): CodeIgniter\Router\Router->checkDisallowedChars('patient/patientHistory/[object PointerEvent]')
 2 SYSTEMPATH\CodeIgniter.php(834): CodeIgniter\Router\Router->handle('patient/patientHistory/[object PointerEvent]')
 3 SYSTEMPATH\CodeIgniter.php(457): CodeIgniter\CodeIgniter->tryToRouteIt(Object(CodeIgniter\Router\RouteCollection))
 4 SYSTEMPATH\CodeIgniter.php(355): CodeIgniter\CodeIgniter->handleRequest(null, Object(Config\Cache), false)
 5 SYSTEMPATH\Boot.php(325): CodeIgniter\CodeIgniter->run()
 6 SYSTEMPATH\Boot.php(67): CodeIgniter\Boot::runCodeIgniter(Object(CodeIgniter\CodeIgniter))
 7 FCPATH\index.php(56): CodeIgniter\Boot::bootWeb(Object(Config\Paths))
 8 SYSTEMPATH\rewrite.php(44): require_once('C:\\Users\\FBI DENIS STORE\\Desktop\\TestBachelor\\HospitalBack\\public\\index.php')
CRITICAL - 2026-06-19 09:49:43 --> CodeIgniter\HTTP\Exceptions\BadRequestException: The URI you submitted has disallowed characters: "[object PointerEvent]"
[Method: GET, Route: patient/patientHistory/%5Bobject%20PointerEvent%5D]
in SYSTEMPATH\Router\Router.php on line 737.
 1 SYSTEMPATH\Router\Router.php(204): CodeIgniter\Router\Router->checkDisallowedChars('patient/patientHistory/[object PointerEvent]')
 2 SYSTEMPATH\CodeIgniter.php(834): CodeIgniter\Router\Router->handle('patient/patientHistory/[object PointerEvent]')
 3 SYSTEMPATH\CodeIgniter.php(457): CodeIgniter\CodeIgniter->tryToRouteIt(Object(CodeIgniter\Router\RouteCollection))
 4 SYSTEMPATH\CodeIgniter.php(355): CodeIgniter\CodeIgniter->handleRequest(null, Object(Config\Cache), false)
 5 SYSTEMPATH\Boot.php(325): CodeIgniter\CodeIgniter->run()
 6 SYSTEMPATH\Boot.php(67): CodeIgniter\Boot::runCodeIgniter(Object(CodeIgniter\CodeIgniter))
 7 FCPATH\index.php(56): CodeIgniter\Boot::bootWeb(Object(Config\Paths))
 8 SYSTEMPATH\rewrite.php(44): require_once('C:\\Users\\FBI DENIS STORE\\Desktop\\TestBachelor\\HospitalBack\\public\\index.php')
CRITICAL - 2026-06-19 09:59:55 --> CodeIgniter\HTTP\Exceptions\BadRequestException: The URI you submitted has disallowed characters: "[object PointerEvent]"
[Method: GET, Route: patient/patientHistory/%5Bobject%20PointerEvent%5D]
in SYSTEMPATH\Router\Router.php on line 737.
 1 SYSTEMPATH\Router\Router.php(204): CodeIgniter\Router\Router->checkDisallowedChars('patient/patientHistory/[object PointerEvent]')
 2 SYSTEMPATH\CodeIgniter.php(834): CodeIgniter\Router\Router->handle('patient/patientHistory/[object PointerEvent]')
 3 SYSTEMPATH\CodeIgniter.php(457): CodeIgniter\CodeIgniter->tryToRouteIt(Object(CodeIgniter\Router\RouteCollection))
 4 SYSTEMPATH\CodeIgniter.php(355): CodeIgniter\CodeIgniter->handleRequest(null, Object(Config\Cache), false)
 5 SYSTEMPATH\Boot.php(325): CodeIgniter\CodeIgniter->run()
 6 SYSTEMPATH\Boot.php(67): CodeIgniter\Boot::runCodeIgniter(Object(CodeIgniter\CodeIgniter))
 7 FCPATH\index.php(56): CodeIgniter\Boot::bootWeb(Object(Config\Paths))
 8 SYSTEMPATH\rewrite.php(44): require_once('C:\\Users\\FBI DENIS STORE\\Desktop\\TestBachelor\\HospitalBack\\public\\index.php')
CRITICAL - 2026-06-19 10:02:40 --> CodeIgniter\HTTP\Exceptions\BadRequestException: The URI you submitted has disallowed characters: "[object PointerEvent]"
[Method: GET, Route: patient/patientHistory/%5Bobject%20PointerEvent%5D]
in SYSTEMPATH\Router\Router.php on line 737.
 1 SYSTEMPATH\Router\Router.php(204): CodeIgniter\Router\Router->checkDisallowedChars('patient/patientHistory/[object PointerEvent]')
 2 SYSTEMPATH\CodeIgniter.php(834): CodeIgniter\Router\Router->handle('patient/patientHistory/[object PointerEvent]')
 3 SYSTEMPATH\CodeIgniter.php(457): CodeIgniter\CodeIgniter->tryToRouteIt(Object(CodeIgniter\Router\RouteCollection))
 4 SYSTEMPATH\CodeIgniter.php(355): CodeIgniter\CodeIgniter->handleRequest(null, Object(Config\Cache), false)
 5 SYSTEMPATH\Boot.php(325): CodeIgniter\CodeIgniter->run()
 6 SYSTEMPATH\Boot.php(67): CodeIgniter\Boot::runCodeIgniter(Object(CodeIgniter\CodeIgniter))
 7 FCPATH\index.php(56): CodeIgniter\Boot::bootWeb(Object(Config\Paths))
 8 SYSTEMPATH\rewrite.php(44): require_once('C:\\Users\\FBI DENIS STORE\\Desktop\\TestBachelor\\HospitalBack\\public\\index.php')
WARNING - 2026-06-19 10:14:51 --> [DEPRECATED] password_hash(): Passing null to parameter #1 ($password) of type string is deprecated in APPPATH\Controllers\PatientController.php on line 110.
 1 APPPATH\Controllers\PatientController.php(110): password_hash(Object(SensitiveParameterValue), '2y')
 2 SYSTEMPATH\CodeIgniter.php(933): App\Controllers\PatientController->createPatient()
 3 SYSTEMPATH\CodeIgniter.php(509): CodeIgniter\CodeIgniter->runController(Object(App\Controllers\PatientController))
 4 SYSTEMPATH\CodeIgniter.php(355): CodeIgniter\CodeIgniter->handleRequest(null, Object(Config\Cache), false)
 5 SYSTEMPATH\Boot.php(325): CodeIgniter\CodeIgniter->run()
 6 SYSTEMPATH\Boot.php(67): CodeIgniter\Boot::runCodeIgniter(Object(CodeIgniter\CodeIgniter))
 7 FCPATH\index.php(56): CodeIgniter\Boot::bootWeb(Object(Config\Paths))
 8 SYSTEMPATH\rewrite.php(44): require_once('C:\\Users\\FBI DENIS STORE\\Desktop\\TestBachelor\\HospitalBack\\public\\index.php')
WARNING - 2026-06-19 15:44:41 --> [DEPRECATED] password_hash(): Passing null to parameter #1 ($password) of type string is deprecated in APPPATH\Controllers\PatientController.php on line 110.
 1 APPPATH\Controllers\PatientController.php(110): password_hash(Object(SensitiveParameterValue), '2y')
 2 SYSTEMPATH\CodeIgniter.php(933): App\Controllers\PatientController->createPatient()
 3 SYSTEMPATH\CodeIgniter.php(509): CodeIgniter\CodeIgniter->runController(Object(App\Controllers\PatientController))
 4 SYSTEMPATH\CodeIgniter.php(355): CodeIgniter\CodeIgniter->handleRequest(null, Object(Config\Cache), false)
 5 SYSTEMPATH\Boot.php(325): CodeIgniter\CodeIgniter->run()
 6 SYSTEMPATH\Boot.php(67): CodeIgniter\Boot::runCodeIgniter(Object(CodeIgniter\CodeIgniter))
 7 FCPATH\index.php(56): CodeIgniter\Boot::bootWeb(Object(Config\Paths))
 8 SYSTEMPATH\rewrite.php(44): require_once('C:\\Users\\FBI DENIS STORE\\Desktop\\TestBachelor\\HospitalBack\\public\\index.php')
