ERROR - 2026-07-16 13:29:22 --> mysqli_sql_exception: Le champ 'id_consult' ne peut être vide (null) in C:\Users\FBI DENIS STORE\Desktop\TestBachelor\HospitalBack\system\Database\MySQLi\Connection.php:312
Stack trace:
#0 C:\Users\FBI DENIS STORE\Desktop\TestBachelor\HospitalBack\system\Database\MySQLi\Connection.php(312): mysqli->query('INSERT INTO `pr...', 0)
#1 C:\Users\FBI DENIS STORE\Desktop\TestBachelor\HospitalBack\system\Database\BaseConnection.php(734): CodeIgniter\Database\MySQLi\Connection->execute('INSERT INTO `pr...')
#2 C:\Users\FBI DENIS STORE\Desktop\TestBachelor\HospitalBack\system\Database\BaseConnection.php(648): CodeIgniter\Database\BaseConnection->simpleQuery('INSERT INTO `pr...')
#3 C:\Users\FBI DENIS STORE\Desktop\TestBachelor\HospitalBack\system\Database\BaseBuilder.php(2332): CodeIgniter\Database\BaseConnection->query('INSERT INTO `pr...', Array, false)
#4 C:\Users\FBI DENIS STORE\Desktop\TestBachelor\HospitalBack\system\Model.php(394): CodeIgniter\Database\BaseBuilder->insert()
#5 C:\Users\FBI DENIS STORE\Desktop\TestBachelor\HospitalBack\system\BaseModel.php(840): CodeIgniter\Model->doInsert(Array)
#6 C:\Users\FBI DENIS STORE\Desktop\TestBachelor\HospitalBack\system\Model.php(802): CodeIgniter\BaseModel->insert(Array, true)
#7 C:\Users\FBI DENIS STORE\Desktop\TestBachelor\HospitalBack\app\Controllers\PrescribController.php(88): CodeIgniter\Model->insert(Array)
#8 C:\Users\FBI DENIS STORE\Desktop\TestBachelor\HospitalBack\system\CodeIgniter.php(933): App\Controllers\PrescribController->createPresc()
#9 C:\Users\FBI DENIS STORE\Desktop\TestBachelor\HospitalBack\system\CodeIgniter.php(509): CodeIgniter\CodeIgniter->runController(Object(App\Controllers\PrescribController))
#10 C:\Users\FBI DENIS STORE\Desktop\TestBachelor\HospitalBack\system\CodeIgniter.php(355): CodeIgniter\CodeIgniter->handleRequest(NULL, Object(Config\Cache), false)
#11 C:\Users\FBI DENIS STORE\Desktop\TestBachelor\HospitalBack\system\Boot.php(325): CodeIgniter\CodeIgniter->run()
#12 C:\Users\FBI DENIS STORE\Desktop\TestBachelor\HospitalBack\system\Boot.php(67): CodeIgniter\Boot::runCodeIgniter(Object(CodeIgniter\CodeIgniter))
#13 C:\Users\FBI DENIS STORE\Desktop\TestBachelor\HospitalBack\public\index.php(56): CodeIgniter\Boot::bootWeb(Object(Config\Paths))
#14 C:\Users\FBI DENIS STORE\Desktop\TestBachelor\HospitalBack\system\rewrite.php(44): require_once('C:\\Users\\FBI DE...')
#15 {main}
CRITICAL - 2026-07-16 13:29:23 --> CodeIgniter\Database\Exceptions\DatabaseException: Le champ 'id_consult' ne peut être vide (null)
[Method: POST, Route: presc/createPresc]
in SYSTEMPATH\Database\BaseConnection.php on line 688.
 1 SYSTEMPATH\Database\BaseBuilder.php(2332): CodeIgniter\Database\BaseConnection->query('INSERT INTO `prescrib` (`date_presc`, `instructions`, `id_consult`, `created_at`, `updated_at`) VALUES (:date_presc:, :instructions:, :id_consult:, :created_at:, :updated_at:)', [...], false)
 2 SYSTEMPATH\Model.php(394): CodeIgniter\Database\BaseBuilder->insert()
 3 SYSTEMPATH\BaseModel.php(840): CodeIgniter\Model->doInsert([...])
 4 SYSTEMPATH\Model.php(802): CodeIgniter\BaseModel->insert([...], true)
 5 APPPATH\Controllers\PrescribController.php(88): CodeIgniter\Model->insert([...])
 6 SYSTEMPATH\CodeIgniter.php(933): App\Controllers\PrescribController->createPresc()
 7 SYSTEMPATH\CodeIgniter.php(509): CodeIgniter\CodeIgniter->runController(Object(App\Controllers\PrescribController))
 8 SYSTEMPATH\CodeIgniter.php(355): CodeIgniter\CodeIgniter->handleRequest(null, Object(Config\Cache), false)
 9 SYSTEMPATH\Boot.php(325): CodeIgniter\CodeIgniter->run()
10 SYSTEMPATH\Boot.php(67): CodeIgniter\Boot::runCodeIgniter(Object(CodeIgniter\CodeIgniter))
11 FCPATH\index.php(56): CodeIgniter\Boot::bootWeb(Object(Config\Paths))
12 SYSTEMPATH\rewrite.php(44): require_once('C:\\Users\\FBI DENIS STORE\\Desktop\\TestBachelor\\HospitalBack\\public\\index.php')
CRITICAL - 2026-07-16 13:29:23 --> [Caused by] CodeIgniter\Database\Exceptions\DatabaseException: Le champ 'id_consult' ne peut être vide (null)
in SYSTEMPATH\Database\MySQLi\Connection.php on line 317.
 1 SYSTEMPATH\Database\BaseConnection.php(734): CodeIgniter\Database\MySQLi\Connection->execute('INSERT INTO `prescrib` (`date_presc`, `instructions`, `id_consult`, `created_at`, `updated_at`) VALUES (\'2026-07-16\', \'prendre 4 fois par jour pendant 1 mois, voir specialiste\', NULL, \'2026-07-16 13:29:22\', \'2026-07-16 13:29:22\')')
 2 SYSTEMPATH\Database\BaseConnection.php(648): CodeIgniter\Database\BaseConnection->simpleQuery('INSERT INTO `prescrib` (`date_presc`, `instructions`, `id_consult`, `created_at`, `updated_at`) VALUES (\'2026-07-16\', \'prendre 4 fois par jour pendant 1 mois, voir specialiste\', NULL, \'2026-07-16 13:29:22\', \'2026-07-16 13:29:22\')')
 3 SYSTEMPATH\Database\BaseBuilder.php(2332): CodeIgniter\Database\BaseConnection->query('INSERT INTO `prescrib` (`date_presc`, `instructions`, `id_consult`, `created_at`, `updated_at`) VALUES (:date_presc:, :instructions:, :id_consult:, :created_at:, :updated_at:)', [...], false)
 4 SYSTEMPATH\Model.php(394): CodeIgniter\Database\BaseBuilder->insert()
 5 SYSTEMPATH\BaseModel.php(840): CodeIgniter\Model->doInsert([...])
 6 SYSTEMPATH\Model.php(802): CodeIgniter\BaseModel->insert([...], true)
 7 APPPATH\Controllers\PrescribController.php(88): CodeIgniter\Model->insert([...])
 8 SYSTEMPATH\CodeIgniter.php(933): App\Controllers\PrescribController->createPresc()
 9 SYSTEMPATH\CodeIgniter.php(509): CodeIgniter\CodeIgniter->runController(Object(App\Controllers\PrescribController))
10 SYSTEMPATH\CodeIgniter.php(355): CodeIgniter\CodeIgniter->handleRequest(null, Object(Config\Cache), false)
11 SYSTEMPATH\Boot.php(325): CodeIgniter\CodeIgniter->run()
12 SYSTEMPATH\Boot.php(67): CodeIgniter\Boot::runCodeIgniter(Object(CodeIgniter\CodeIgniter))
13 FCPATH\index.php(56): CodeIgniter\Boot::bootWeb(Object(Config\Paths))
14 SYSTEMPATH\rewrite.php(44): require_once('C:\\Users\\FBI DENIS STORE\\Desktop\\TestBachelor\\HospitalBack\\public\\index.php')
CRITICAL - 2026-07-16 13:29:23 --> [Caused by] mysqli_sql_exception: Le champ 'id_consult' ne peut être vide (null)
in SYSTEMPATH\Database\MySQLi\Connection.php on line 312.
 1 SYSTEMPATH\Database\MySQLi\Connection.php(312): mysqli->query('INSERT INTO `prescrib` (`date_presc`, `instructions`, `id_consult`, `created_at`, `updated_at`) VALUES (\'2026-07-16\', \'prendre 4 fois par jour pendant 1 mois, voir specialiste\', NULL, \'2026-07-16 13:29:22\', \'2026-07-16 13:29:22\')', 0)
 2 SYSTEMPATH\Database\BaseConnection.php(734): CodeIgniter\Database\MySQLi\Connection->execute('INSERT INTO `prescrib` (`date_presc`, `instructions`, `id_consult`, `created_at`, `updated_at`) VALUES (\'2026-07-16\', \'prendre 4 fois par jour pendant 1 mois, voir specialiste\', NULL, \'2026-07-16 13:29:22\', \'2026-07-16 13:29:22\')')
 3 SYSTEMPATH\Database\BaseConnection.php(648): CodeIgniter\Database\BaseConnection->simpleQuery('INSERT INTO `prescrib` (`date_presc`, `instructions`, `id_consult`, `created_at`, `updated_at`) VALUES (\'2026-07-16\', \'prendre 4 fois par jour pendant 1 mois, voir specialiste\', NULL, \'2026-07-16 13:29:22\', \'2026-07-16 13:29:22\')')
 4 SYSTEMPATH\Database\BaseBuilder.php(2332): CodeIgniter\Database\BaseConnection->query('INSERT INTO `prescrib` (`date_presc`, `instructions`, `id_consult`, `created_at`, `updated_at`) VALUES (:date_presc:, :instructions:, :id_consult:, :created_at:, :updated_at:)', [...], false)
 5 SYSTEMPATH\Model.php(394): CodeIgniter\Database\BaseBuilder->insert()
 6 SYSTEMPATH\BaseModel.php(840): CodeIgniter\Model->doInsert([...])
 7 SYSTEMPATH\Model.php(802): CodeIgniter\BaseModel->insert([...], true)
 8 APPPATH\Controllers\PrescribController.php(88): CodeIgniter\Model->insert([...])
 9 SYSTEMPATH\CodeIgniter.php(933): App\Controllers\PrescribController->createPresc()
10 SYSTEMPATH\CodeIgniter.php(509): CodeIgniter\CodeIgniter->runController(Object(App\Controllers\PrescribController))
11 SYSTEMPATH\CodeIgniter.php(355): CodeIgniter\CodeIgniter->handleRequest(null, Object(Config\Cache), false)
12 SYSTEMPATH\Boot.php(325): CodeIgniter\CodeIgniter->run()
13 SYSTEMPATH\Boot.php(67): CodeIgniter\Boot::runCodeIgniter(Object(CodeIgniter\CodeIgniter))
14 FCPATH\index.php(56): CodeIgniter\Boot::bootWeb(Object(Config\Paths))
15 SYSTEMPATH\rewrite.php(44): require_once('C:\\Users\\FBI DENIS STORE\\Desktop\\TestBachelor\\HospitalBack\\public\\index.php')
ERROR - 2026-07-16 13:29:40 --> mysqli_sql_exception: Le champ 'id_consult' ne peut être vide (null) in C:\Users\FBI DENIS STORE\Desktop\TestBachelor\HospitalBack\system\Database\MySQLi\Connection.php:312
Stack trace:
#0 C:\Users\FBI DENIS STORE\Desktop\TestBachelor\HospitalBack\system\Database\MySQLi\Connection.php(312): mysqli->query('INSERT INTO `pr...', 0)
#1 C:\Users\FBI DENIS STORE\Desktop\TestBachelor\HospitalBack\system\Database\BaseConnection.php(734): CodeIgniter\Database\MySQLi\Connection->execute('INSERT INTO `pr...')
#2 C:\Users\FBI DENIS STORE\Desktop\TestBachelor\HospitalBack\system\Database\BaseConnection.php(648): CodeIgniter\Database\BaseConnection->simpleQuery('INSERT INTO `pr...')
#3 C:\Users\FBI DENIS STORE\Desktop\TestBachelor\HospitalBack\system\Database\BaseBuilder.php(2332): CodeIgniter\Database\BaseConnection->query('INSERT INTO `pr...', Array, false)
#4 C:\Users\FBI DENIS STORE\Desktop\TestBachelor\HospitalBack\system\Model.php(394): CodeIgniter\Database\BaseBuilder->insert()
#5 C:\Users\FBI DENIS STORE\Desktop\TestBachelor\HospitalBack\system\BaseModel.php(840): CodeIgniter\Model->doInsert(Array)
#6 C:\Users\FBI DENIS STORE\Desktop\TestBachelor\HospitalBack\system\Model.php(802): CodeIgniter\BaseModel->insert(Array, true)
#7 C:\Users\FBI DENIS STORE\Desktop\TestBachelor\HospitalBack\app\Controllers\PrescribController.php(88): CodeIgniter\Model->insert(Array)
#8 C:\Users\FBI DENIS STORE\Desktop\TestBachelor\HospitalBack\system\CodeIgniter.php(933): App\Controllers\PrescribController->createPresc()
#9 C:\Users\FBI DENIS STORE\Desktop\TestBachelor\HospitalBack\system\CodeIgniter.php(509): CodeIgniter\CodeIgniter->runController(Object(App\Controllers\PrescribController))
#10 C:\Users\FBI DENIS STORE\Desktop\TestBachelor\HospitalBack\system\CodeIgniter.php(355): CodeIgniter\CodeIgniter->handleRequest(NULL, Object(Config\Cache), false)
#11 C:\Users\FBI DENIS STORE\Desktop\TestBachelor\HospitalBack\system\Boot.php(325): CodeIgniter\CodeIgniter->run()
#12 C:\Users\FBI DENIS STORE\Desktop\TestBachelor\HospitalBack\system\Boot.php(67): CodeIgniter\Boot::runCodeIgniter(Object(CodeIgniter\CodeIgniter))
#13 C:\Users\FBI DENIS STORE\Desktop\TestBachelor\HospitalBack\public\index.php(56): CodeIgniter\Boot::bootWeb(Object(Config\Paths))
#14 C:\Users\FBI DENIS STORE\Desktop\TestBachelor\HospitalBack\system\rewrite.php(44): require_once('C:\\Users\\FBI DE...')
#15 {main}
CRITICAL - 2026-07-16 13:29:40 --> CodeIgniter\Database\Exceptions\DatabaseException: Le champ 'id_consult' ne peut être vide (null)
[Method: POST, Route: presc/createPresc]
in SYSTEMPATH\Database\BaseConnection.php on line 688.
 1 SYSTEMPATH\Database\BaseBuilder.php(2332): CodeIgniter\Database\BaseConnection->query('INSERT INTO `prescrib` (`date_presc`, `instructions`, `id_consult`, `created_at`, `updated_at`) VALUES (:date_presc:, :instructions:, :id_consult:, :created_at:, :updated_at:)', [...], false)
 2 SYSTEMPATH\Model.php(394): CodeIgniter\Database\BaseBuilder->insert()
 3 SYSTEMPATH\BaseModel.php(840): CodeIgniter\Model->doInsert([...])
 4 SYSTEMPATH\Model.php(802): CodeIgniter\BaseModel->insert([...], true)
 5 APPPATH\Controllers\PrescribController.php(88): CodeIgniter\Model->insert([...])
 6 SYSTEMPATH\CodeIgniter.php(933): App\Controllers\PrescribController->createPresc()
 7 SYSTEMPATH\CodeIgniter.php(509): CodeIgniter\CodeIgniter->runController(Object(App\Controllers\PrescribController))
 8 SYSTEMPATH\CodeIgniter.php(355): CodeIgniter\CodeIgniter->handleRequest(null, Object(Config\Cache), false)
 9 SYSTEMPATH\Boot.php(325): CodeIgniter\CodeIgniter->run()
10 SYSTEMPATH\Boot.php(67): CodeIgniter\Boot::runCodeIgniter(Object(CodeIgniter\CodeIgniter))
11 FCPATH\index.php(56): CodeIgniter\Boot::bootWeb(Object(Config\Paths))
12 SYSTEMPATH\rewrite.php(44): require_once('C:\\Users\\FBI DENIS STORE\\Desktop\\TestBachelor\\HospitalBack\\public\\index.php')
CRITICAL - 2026-07-16 13:29:40 --> [Caused by] CodeIgniter\Database\Exceptions\DatabaseException: Le champ 'id_consult' ne peut être vide (null)
in SYSTEMPATH\Database\MySQLi\Connection.php on line 317.
 1 SYSTEMPATH\Database\BaseConnection.php(734): CodeIgniter\Database\MySQLi\Connection->execute('INSERT INTO `prescrib` (`date_presc`, `instructions`, `id_consult`, `created_at`, `updated_at`) VALUES (\'2026-07-16\', \'prendre 4 fois par jour pendant 1 mois\', NULL, \'2026-07-16 13:29:40\', \'2026-07-16 13:29:40\')')
 2 SYSTEMPATH\Database\BaseConnection.php(648): CodeIgniter\Database\BaseConnection->simpleQuery('INSERT INTO `prescrib` (`date_presc`, `instructions`, `id_consult`, `created_at`, `updated_at`) VALUES (\'2026-07-16\', \'prendre 4 fois par jour pendant 1 mois\', NULL, \'2026-07-16 13:29:40\', \'2026-07-16 13:29:40\')')
 3 SYSTEMPATH\Database\BaseBuilder.php(2332): CodeIgniter\Database\BaseConnection->query('INSERT INTO `prescrib` (`date_presc`, `instructions`, `id_consult`, `created_at`, `updated_at`) VALUES (:date_presc:, :instructions:, :id_consult:, :created_at:, :updated_at:)', [...], false)
 4 SYSTEMPATH\Model.php(394): CodeIgniter\Database\BaseBuilder->insert()
 5 SYSTEMPATH\BaseModel.php(840): CodeIgniter\Model->doInsert([...])
 6 SYSTEMPATH\Model.php(802): CodeIgniter\BaseModel->insert([...], true)
 7 APPPATH\Controllers\PrescribController.php(88): CodeIgniter\Model->insert([...])
 8 SYSTEMPATH\CodeIgniter.php(933): App\Controllers\PrescribController->createPresc()
 9 SYSTEMPATH\CodeIgniter.php(509): CodeIgniter\CodeIgniter->runController(Object(App\Controllers\PrescribController))
10 SYSTEMPATH\CodeIgniter.php(355): CodeIgniter\CodeIgniter->handleRequest(null, Object(Config\Cache), false)
11 SYSTEMPATH\Boot.php(325): CodeIgniter\CodeIgniter->run()
12 SYSTEMPATH\Boot.php(67): CodeIgniter\Boot::runCodeIgniter(Object(CodeIgniter\CodeIgniter))
13 FCPATH\index.php(56): CodeIgniter\Boot::bootWeb(Object(Config\Paths))
14 SYSTEMPATH\rewrite.php(44): require_once('C:\\Users\\FBI DENIS STORE\\Desktop\\TestBachelor\\HospitalBack\\public\\index.php')
CRITICAL - 2026-07-16 13:29:40 --> [Caused by] mysqli_sql_exception: Le champ 'id_consult' ne peut être vide (null)
in SYSTEMPATH\Database\MySQLi\Connection.php on line 312.
 1 SYSTEMPATH\Database\MySQLi\Connection.php(312): mysqli->query('INSERT INTO `prescrib` (`date_presc`, `instructions`, `id_consult`, `created_at`, `updated_at`) VALUES (\'2026-07-16\', \'prendre 4 fois par jour pendant 1 mois\', NULL, \'2026-07-16 13:29:40\', \'2026-07-16 13:29:40\')', 0)
 2 SYSTEMPATH\Database\BaseConnection.php(734): CodeIgniter\Database\MySQLi\Connection->execute('INSERT INTO `prescrib` (`date_presc`, `instructions`, `id_consult`, `created_at`, `updated_at`) VALUES (\'2026-07-16\', \'prendre 4 fois par jour pendant 1 mois\', NULL, \'2026-07-16 13:29:40\', \'2026-07-16 13:29:40\')')
 3 SYSTEMPATH\Database\BaseConnection.php(648): CodeIgniter\Database\BaseConnection->simpleQuery('INSERT INTO `prescrib` (`date_presc`, `instructions`, `id_consult`, `created_at`, `updated_at`) VALUES (\'2026-07-16\', \'prendre 4 fois par jour pendant 1 mois\', NULL, \'2026-07-16 13:29:40\', \'2026-07-16 13:29:40\')')
 4 SYSTEMPATH\Database\BaseBuilder.php(2332): CodeIgniter\Database\BaseConnection->query('INSERT INTO `prescrib` (`date_presc`, `instructions`, `id_consult`, `created_at`, `updated_at`) VALUES (:date_presc:, :instructions:, :id_consult:, :created_at:, :updated_at:)', [...], false)
 5 SYSTEMPATH\Model.php(394): CodeIgniter\Database\BaseBuilder->insert()
 6 SYSTEMPATH\BaseModel.php(840): CodeIgniter\Model->doInsert([...])
 7 SYSTEMPATH\Model.php(802): CodeIgniter\BaseModel->insert([...], true)
 8 APPPATH\Controllers\PrescribController.php(88): CodeIgniter\Model->insert([...])
 9 SYSTEMPATH\CodeIgniter.php(933): App\Controllers\PrescribController->createPresc()
10 SYSTEMPATH\CodeIgniter.php(509): CodeIgniter\CodeIgniter->runController(Object(App\Controllers\PrescribController))
11 SYSTEMPATH\CodeIgniter.php(355): CodeIgniter\CodeIgniter->handleRequest(null, Object(Config\Cache), false)
12 SYSTEMPATH\Boot.php(325): CodeIgniter\CodeIgniter->run()
13 SYSTEMPATH\Boot.php(67): CodeIgniter\Boot::runCodeIgniter(Object(CodeIgniter\CodeIgniter))
14 FCPATH\index.php(56): CodeIgniter\Boot::bootWeb(Object(Config\Paths))
15 SYSTEMPATH\rewrite.php(44): require_once('C:\\Users\\FBI DENIS STORE\\Desktop\\TestBachelor\\HospitalBack\\public\\index.php')
WARNING - 2026-07-16 13:36:29 --> [DEPRECATED] password_hash(): Passing null to parameter #1 ($password) of type string is deprecated in APPPATH\Controllers\PatientController.php on line 110.
 1 APPPATH\Controllers\PatientController.php(110): password_hash(Object(SensitiveParameterValue), '2y')
 2 SYSTEMPATH\CodeIgniter.php(933): App\Controllers\PatientController->createPatient()
 3 SYSTEMPATH\CodeIgniter.php(509): CodeIgniter\CodeIgniter->runController(Object(App\Controllers\PatientController))
 4 SYSTEMPATH\CodeIgniter.php(355): CodeIgniter\CodeIgniter->handleRequest(null, Object(Config\Cache), false)
 5 SYSTEMPATH\Boot.php(325): CodeIgniter\CodeIgniter->run()
 6 SYSTEMPATH\Boot.php(67): CodeIgniter\Boot::runCodeIgniter(Object(CodeIgniter\CodeIgniter))
 7 FCPATH\index.php(56): CodeIgniter\Boot::bootWeb(Object(Config\Paths))
 8 SYSTEMPATH\rewrite.php(44): require_once('C:\\Users\\FBI DENIS STORE\\Desktop\\TestBachelor\\HospitalBack\\public\\index.php')
ERROR - 2026-07-16 13:38:24 --> mysqli_sql_exception: Le champ 'id_consult' ne peut être vide (null) in C:\Users\FBI DENIS STORE\Desktop\TestBachelor\HospitalBack\system\Database\MySQLi\Connection.php:312
Stack trace:
#0 C:\Users\FBI DENIS STORE\Desktop\TestBachelor\HospitalBack\system\Database\MySQLi\Connection.php(312): mysqli->query('INSERT INTO `pr...', 0)
#1 C:\Users\FBI DENIS STORE\Desktop\TestBachelor\HospitalBack\system\Database\BaseConnection.php(734): CodeIgniter\Database\MySQLi\Connection->execute('INSERT INTO `pr...')
#2 C:\Users\FBI DENIS STORE\Desktop\TestBachelor\HospitalBack\system\Database\BaseConnection.php(648): CodeIgniter\Database\BaseConnection->simpleQuery('INSERT INTO `pr...')
#3 C:\Users\FBI DENIS STORE\Desktop\TestBachelor\HospitalBack\system\Database\BaseBuilder.php(2332): CodeIgniter\Database\BaseConnection->query('INSERT INTO `pr...', Array, false)
#4 C:\Users\FBI DENIS STORE\Desktop\TestBachelor\HospitalBack\system\Model.php(394): CodeIgniter\Database\BaseBuilder->insert()
#5 C:\Users\FBI DENIS STORE\Desktop\TestBachelor\HospitalBack\system\BaseModel.php(840): CodeIgniter\Model->doInsert(Array)
#6 C:\Users\FBI DENIS STORE\Desktop\TestBachelor\HospitalBack\system\Model.php(802): CodeIgniter\BaseModel->insert(Array, true)
#7 C:\Users\FBI DENIS STORE\Desktop\TestBachelor\HospitalBack\app\Controllers\PrescribController.php(88): CodeIgniter\Model->insert(Array)
#8 C:\Users\FBI DENIS STORE\Desktop\TestBachelor\HospitalBack\system\CodeIgniter.php(933): App\Controllers\PrescribController->createPresc()
#9 C:\Users\FBI DENIS STORE\Desktop\TestBachelor\HospitalBack\system\CodeIgniter.php(509): CodeIgniter\CodeIgniter->runController(Object(App\Controllers\PrescribController))
#10 C:\Users\FBI DENIS STORE\Desktop\TestBachelor\HospitalBack\system\CodeIgniter.php(355): CodeIgniter\CodeIgniter->handleRequest(NULL, Object(Config\Cache), false)
#11 C:\Users\FBI DENIS STORE\Desktop\TestBachelor\HospitalBack\system\Boot.php(325): CodeIgniter\CodeIgniter->run()
#12 C:\Users\FBI DENIS STORE\Desktop\TestBachelor\HospitalBack\system\Boot.php(67): CodeIgniter\Boot::runCodeIgniter(Object(CodeIgniter\CodeIgniter))
#13 C:\Users\FBI DENIS STORE\Desktop\TestBachelor\HospitalBack\public\index.php(56): CodeIgniter\Boot::bootWeb(Object(Config\Paths))
#14 C:\Users\FBI DENIS STORE\Desktop\TestBachelor\HospitalBack\system\rewrite.php(44): require_once('C:\\Users\\FBI DE...')
#15 {main}
CRITICAL - 2026-07-16 13:38:24 --> CodeIgniter\Database\Exceptions\DatabaseException: Le champ 'id_consult' ne peut être vide (null)
[Method: POST, Route: presc/createPresc]
in SYSTEMPATH\Database\BaseConnection.php on line 688.
 1 SYSTEMPATH\Database\BaseBuilder.php(2332): CodeIgniter\Database\BaseConnection->query('INSERT INTO `prescrib` (`date_presc`, `instructions`, `id_consult`, `created_at`, `updated_at`) VALUES (:date_presc:, :instructions:, :id_consult:, :created_at:, :updated_at:)', [...], false)
 2 SYSTEMPATH\Model.php(394): CodeIgniter\Database\BaseBuilder->insert()
 3 SYSTEMPATH\BaseModel.php(840): CodeIgniter\Model->doInsert([...])
 4 SYSTEMPATH\Model.php(802): CodeIgniter\BaseModel->insert([...], true)
 5 APPPATH\Controllers\PrescribController.php(88): CodeIgniter\Model->insert([...])
 6 SYSTEMPATH\CodeIgniter.php(933): App\Controllers\PrescribController->createPresc()
 7 SYSTEMPATH\CodeIgniter.php(509): CodeIgniter\CodeIgniter->runController(Object(App\Controllers\PrescribController))
 8 SYSTEMPATH\CodeIgniter.php(355): CodeIgniter\CodeIgniter->handleRequest(null, Object(Config\Cache), false)
 9 SYSTEMPATH\Boot.php(325): CodeIgniter\CodeIgniter->run()
10 SYSTEMPATH\Boot.php(67): CodeIgniter\Boot::runCodeIgniter(Object(CodeIgniter\CodeIgniter))
11 FCPATH\index.php(56): CodeIgniter\Boot::bootWeb(Object(Config\Paths))
12 SYSTEMPATH\rewrite.php(44): require_once('C:\\Users\\FBI DENIS STORE\\Desktop\\TestBachelor\\HospitalBack\\public\\index.php')
CRITICAL - 2026-07-16 13:38:24 --> [Caused by] CodeIgniter\Database\Exceptions\DatabaseException: Le champ 'id_consult' ne peut être vide (null)
in SYSTEMPATH\Database\MySQLi\Connection.php on line 317.
 1 SYSTEMPATH\Database\BaseConnection.php(734): CodeIgniter\Database\MySQLi\Connection->execute('INSERT INTO `prescrib` (`date_presc`, `instructions`, `id_consult`, `created_at`, `updated_at`) VALUES (\'2026-07-16\', \'uijoijoj\', NULL, \'2026-07-16 13:38:24\', \'2026-07-16 13:38:24\')')
 2 SYSTEMPATH\Database\BaseConnection.php(648): CodeIgniter\Database\BaseConnection->simpleQuery('INSERT INTO `prescrib` (`date_presc`, `instructions`, `id_consult`, `created_at`, `updated_at`) VALUES (\'2026-07-16\', \'uijoijoj\', NULL, \'2026-07-16 13:38:24\', \'2026-07-16 13:38:24\')')
 3 SYSTEMPATH\Database\BaseBuilder.php(2332): CodeIgniter\Database\BaseConnection->query('INSERT INTO `prescrib` (`date_presc`, `instructions`, `id_consult`, `created_at`, `updated_at`) VALUES (:date_presc:, :instructions:, :id_consult:, :created_at:, :updated_at:)', [...], false)
 4 SYSTEMPATH\Model.php(394): CodeIgniter\Database\BaseBuilder->insert()
 5 SYSTEMPATH\BaseModel.php(840): CodeIgniter\Model->doInsert([...])
 6 SYSTEMPATH\Model.php(802): CodeIgniter\BaseModel->insert([...], true)
 7 APPPATH\Controllers\PrescribController.php(88): CodeIgniter\Model->insert([...])
 8 SYSTEMPATH\CodeIgniter.php(933): App\Controllers\PrescribController->createPresc()
 9 SYSTEMPATH\CodeIgniter.php(509): CodeIgniter\CodeIgniter->runController(Object(App\Controllers\PrescribController))
10 SYSTEMPATH\CodeIgniter.php(355): CodeIgniter\CodeIgniter->handleRequest(null, Object(Config\Cache), false)
11 SYSTEMPATH\Boot.php(325): CodeIgniter\CodeIgniter->run()
12 SYSTEMPATH\Boot.php(67): CodeIgniter\Boot::runCodeIgniter(Object(CodeIgniter\CodeIgniter))
13 FCPATH\index.php(56): CodeIgniter\Boot::bootWeb(Object(Config\Paths))
14 SYSTEMPATH\rewrite.php(44): require_once('C:\\Users\\FBI DENIS STORE\\Desktop\\TestBachelor\\HospitalBack\\public\\index.php')
CRITICAL - 2026-07-16 13:38:24 --> [Caused by] mysqli_sql_exception: Le champ 'id_consult' ne peut être vide (null)
in SYSTEMPATH\Database\MySQLi\Connection.php on line 312.
 1 SYSTEMPATH\Database\MySQLi\Connection.php(312): mysqli->query('INSERT INTO `prescrib` (`date_presc`, `instructions`, `id_consult`, `created_at`, `updated_at`) VALUES (\'2026-07-16\', \'uijoijoj\', NULL, \'2026-07-16 13:38:24\', \'2026-07-16 13:38:24\')', 0)
 2 SYSTEMPATH\Database\BaseConnection.php(734): CodeIgniter\Database\MySQLi\Connection->execute('INSERT INTO `prescrib` (`date_presc`, `instructions`, `id_consult`, `created_at`, `updated_at`) VALUES (\'2026-07-16\', \'uijoijoj\', NULL, \'2026-07-16 13:38:24\', \'2026-07-16 13:38:24\')')
 3 SYSTEMPATH\Database\BaseConnection.php(648): CodeIgniter\Database\BaseConnection->simpleQuery('INSERT INTO `prescrib` (`date_presc`, `instructions`, `id_consult`, `created_at`, `updated_at`) VALUES (\'2026-07-16\', \'uijoijoj\', NULL, \'2026-07-16 13:38:24\', \'2026-07-16 13:38:24\')')
 4 SYSTEMPATH\Database\BaseBuilder.php(2332): CodeIgniter\Database\BaseConnection->query('INSERT INTO `prescrib` (`date_presc`, `instructions`, `id_consult`, `created_at`, `updated_at`) VALUES (:date_presc:, :instructions:, :id_consult:, :created_at:, :updated_at:)', [...], false)
 5 SYSTEMPATH\Model.php(394): CodeIgniter\Database\BaseBuilder->insert()
 6 SYSTEMPATH\BaseModel.php(840): CodeIgniter\Model->doInsert([...])
 7 SYSTEMPATH\Model.php(802): CodeIgniter\BaseModel->insert([...], true)
 8 APPPATH\Controllers\PrescribController.php(88): CodeIgniter\Model->insert([...])
 9 SYSTEMPATH\CodeIgniter.php(933): App\Controllers\PrescribController->createPresc()
10 SYSTEMPATH\CodeIgniter.php(509): CodeIgniter\CodeIgniter->runController(Object(App\Controllers\PrescribController))
11 SYSTEMPATH\CodeIgniter.php(355): CodeIgniter\CodeIgniter->handleRequest(null, Object(Config\Cache), false)
12 SYSTEMPATH\Boot.php(325): CodeIgniter\CodeIgniter->run()
13 SYSTEMPATH\Boot.php(67): CodeIgniter\Boot::runCodeIgniter(Object(CodeIgniter\CodeIgniter))
14 FCPATH\index.php(56): CodeIgniter\Boot::bootWeb(Object(Config\Paths))
15 SYSTEMPATH\rewrite.php(44): require_once('C:\\Users\\FBI DENIS STORE\\Desktop\\TestBachelor\\HospitalBack\\public\\index.php')
