ERROR - 2026-07-08 09:01:33 --> mysqli_sql_exception: La table 'purchaseline' existe déjà in C:\Users\FBI DENIS STORE\Desktop\TestBachelor\HospitalBack\system\Database\MySQLi\Connection.php:312
Stack trace:
#0 C:\Users\FBI DENIS STORE\Desktop\TestBachelor\HospitalBack\system\Database\MySQLi\Connection.php(312): mysqli->query('CREATE TABLE `P...', 0)
#1 C:\Users\FBI DENIS STORE\Desktop\TestBachelor\HospitalBack\system\Database\BaseConnection.php(734): CodeIgniter\Database\MySQLi\Connection->execute('CREATE TABLE `P...')
#2 C:\Users\FBI DENIS STORE\Desktop\TestBachelor\HospitalBack\system\Database\BaseConnection.php(648): CodeIgniter\Database\BaseConnection->simpleQuery('CREATE TABLE `P...')
#3 C:\Users\FBI DENIS STORE\Desktop\TestBachelor\HospitalBack\system\Database\Forge.php(570): CodeIgniter\Database\BaseConnection->query('CREATE TABLE `P...')
#4 C:\Users\FBI DENIS STORE\Desktop\TestBachelor\HospitalBack\app\Database\Migrations\2026-07-08-085926_PurchaseLine.php(50): CodeIgniter\Database\Forge->createTable('PurchaseLine')
#5 C:\Users\FBI DENIS STORE\Desktop\TestBachelor\HospitalBack\system\Database\MigrationRunner.php(867): App\Database\Migrations\PurchaseLine->up()
#6 C:\Users\FBI DENIS STORE\Desktop\TestBachelor\HospitalBack\system\Database\MigrationRunner.php(183): CodeIgniter\Database\MigrationRunner->migrate('up', Object(stdClass))
#7 C:\Users\FBI DENIS STORE\Desktop\TestBachelor\HospitalBack\system\Commands\Database\Migrate.php(85): CodeIgniter\Database\MigrationRunner->latest(NULL)
#8 C:\Users\FBI DENIS STORE\Desktop\TestBachelor\HospitalBack\system\CLI\Commands.php(70): CodeIgniter\Commands\Database\Migrate->run(Array)
#9 C:\Users\FBI DENIS STORE\Desktop\TestBachelor\HospitalBack\system\CLI\Console.php(48): CodeIgniter\CLI\Commands->run('migrate', Array)
#10 C:\Users\FBI DENIS STORE\Desktop\TestBachelor\HospitalBack\system\Boot.php(351): CodeIgniter\CLI\Console->run()
#11 C:\Users\FBI DENIS STORE\Desktop\TestBachelor\HospitalBack\system\Boot.php(104): CodeIgniter\Boot::runCommand(Object(CodeIgniter\CLI\Console))
#12 C:\Users\FBI DENIS STORE\Desktop\TestBachelor\HospitalBack\spark(84): CodeIgniter\Boot::bootSpark(Object(Config\Paths))
#13 {main}
CRITICAL - 2026-07-08 11:38:19 --> Error: Cannot use object of type stdClass as array
[Method: POST, Route: purchase/createPurchase]
in APPPATH\Controllers\PurchaseController.php on line 107.
 1 SYSTEMPATH\CodeIgniter.php(933): App\Controllers\PurchaseController->createPurchase()
 2 SYSTEMPATH\CodeIgniter.php(509): CodeIgniter\CodeIgniter->runController(Object(App\Controllers\PurchaseController))
 3 SYSTEMPATH\CodeIgniter.php(355): CodeIgniter\CodeIgniter->handleRequest(null, Object(Config\Cache), false)
 4 SYSTEMPATH\Boot.php(325): CodeIgniter\CodeIgniter->run()
 5 SYSTEMPATH\Boot.php(67): CodeIgniter\Boot::runCodeIgniter(Object(CodeIgniter\CodeIgniter))
 6 FCPATH\index.php(56): CodeIgniter\Boot::bootWeb(Object(Config\Paths))
 7 SYSTEMPATH\rewrite.php(44): require_once('C:\\Users\\FBI DENIS STORE\\Desktop\\TestBachelor\\HospitalBack\\public\\index.php')
CRITICAL - 2026-07-08 11:46:44 --> ErrorException: Undefined variable $idProuct
[Method: POST, Route: purchase/createPurchase]
in APPPATH\Controllers\PurchaseController.php on line 184.
 1 APPPATH\Controllers\PurchaseController.php(184): CodeIgniter\Debug\Exceptions->errorHandler(2, 'Undefined variable $idProuct', 'C:\\Users\\FBI DENIS STORE\\Desktop\\TestBachelor\\HospitalBack\\app\\Controllers\\PurchaseController.php', 184)
 2 APPPATH\Controllers\PurchaseController.php(194): App\Controllers\PurchaseController->getBatchesForProduct(1)
 3 APPPATH\Controllers\PurchaseController.php(129): App\Controllers\PurchaseController->deductStockFEFO(1, 1, 3)
 4 SYSTEMPATH\CodeIgniter.php(933): App\Controllers\PurchaseController->createPurchase()
 5 SYSTEMPATH\CodeIgniter.php(509): CodeIgniter\CodeIgniter->runController(Object(App\Controllers\PurchaseController))
 6 SYSTEMPATH\CodeIgniter.php(355): CodeIgniter\CodeIgniter->handleRequest(null, Object(Config\Cache), false)
 7 SYSTEMPATH\Boot.php(325): CodeIgniter\CodeIgniter->run()
 8 SYSTEMPATH\Boot.php(67): CodeIgniter\Boot::runCodeIgniter(Object(CodeIgniter\CodeIgniter))
 9 FCPATH\index.php(56): CodeIgniter\Boot::bootWeb(Object(Config\Paths))
10 SYSTEMPATH\rewrite.php(44): require_once('C:\\Users\\FBI DENIS STORE\\Desktop\\TestBachelor\\HospitalBack\\public\\index.php')
CRITICAL - 2026-07-08 11:51:11 --> ErrorException: Undefined property: App\Controllers\PurchaseController::$stock_model
[Method: POST, Route: purchase/createPurchase]
in APPPATH\Controllers\PurchaseController.php on line 202.
 1 APPPATH\Controllers\PurchaseController.php(202): CodeIgniter\Debug\Exceptions->errorHandler(2, 'Undefined property: App\\Controllers\\PurchaseController::$stock_model', 'C:\\Users\\FBI DENIS STORE\\Desktop\\TestBachelor\\HospitalBack\\app\\Controllers\\PurchaseController.php', 202)
 2 APPPATH\Controllers\PurchaseController.php(129): App\Controllers\PurchaseController->deductStockFEFO(2, 1, 3)
 3 SYSTEMPATH\CodeIgniter.php(933): App\Controllers\PurchaseController->createPurchase()
 4 SYSTEMPATH\CodeIgniter.php(509): CodeIgniter\CodeIgniter->runController(Object(App\Controllers\PurchaseController))
 5 SYSTEMPATH\CodeIgniter.php(355): CodeIgniter\CodeIgniter->handleRequest(null, Object(Config\Cache), false)
 6 SYSTEMPATH\Boot.php(325): CodeIgniter\CodeIgniter->run()
 7 SYSTEMPATH\Boot.php(67): CodeIgniter\Boot::runCodeIgniter(Object(CodeIgniter\CodeIgniter))
 8 FCPATH\index.php(56): CodeIgniter\Boot::bootWeb(Object(Config\Paths))
 9 SYSTEMPATH\rewrite.php(44): require_once('C:\\Users\\FBI DENIS STORE\\Desktop\\TestBachelor\\HospitalBack\\public\\index.php')
CRITICAL - 2026-07-08 11:52:09 --> Error: Class "App\Controllers\ResponsInterface" not found
[Method: POST, Route: purchase/createPurchase]
in APPPATH\Controllers\PurchaseController.php on line 137.
 1 SYSTEMPATH\CodeIgniter.php(933): App\Controllers\PurchaseController->createPurchase()
 2 SYSTEMPATH\CodeIgniter.php(509): CodeIgniter\CodeIgniter->runController(Object(App\Controllers\PurchaseController))
 3 SYSTEMPATH\CodeIgniter.php(355): CodeIgniter\CodeIgniter->handleRequest(null, Object(Config\Cache), false)
 4 SYSTEMPATH\Boot.php(325): CodeIgniter\CodeIgniter->run()
 5 SYSTEMPATH\Boot.php(67): CodeIgniter\Boot::runCodeIgniter(Object(CodeIgniter\CodeIgniter))
 6 FCPATH\index.php(56): CodeIgniter\Boot::bootWeb(Object(Config\Paths))
 7 SYSTEMPATH\rewrite.php(44): require_once('C:\\Users\\FBI DENIS STORE\\Desktop\\TestBachelor\\HospitalBack\\public\\index.php')
CRITICAL - 2026-07-08 11:53:57 --> Error: Class "App\Controllers\ResponsInterface" not found
[Method: POST, Route: purchase/createPurchase]
in APPPATH\Controllers\PurchaseController.php on line 137.
 1 SYSTEMPATH\CodeIgniter.php(933): App\Controllers\PurchaseController->createPurchase()
 2 SYSTEMPATH\CodeIgniter.php(509): CodeIgniter\CodeIgniter->runController(Object(App\Controllers\PurchaseController))
 3 SYSTEMPATH\CodeIgniter.php(355): CodeIgniter\CodeIgniter->handleRequest(null, Object(Config\Cache), false)
 4 SYSTEMPATH\Boot.php(325): CodeIgniter\CodeIgniter->run()
 5 SYSTEMPATH\Boot.php(67): CodeIgniter\Boot::runCodeIgniter(Object(CodeIgniter\CodeIgniter))
 6 FCPATH\index.php(56): CodeIgniter\Boot::bootWeb(Object(Config\Paths))
 7 SYSTEMPATH\rewrite.php(44): require_once('C:\\Users\\FBI DENIS STORE\\Desktop\\TestBachelor\\HospitalBack\\public\\index.php')
CRITICAL - 2026-07-08 11:53:59 --> Error: Class "App\Controllers\ResponsInterface" not found
[Method: POST, Route: purchase/createPurchase]
in APPPATH\Controllers\PurchaseController.php on line 137.
 1 SYSTEMPATH\CodeIgniter.php(933): App\Controllers\PurchaseController->createPurchase()
 2 SYSTEMPATH\CodeIgniter.php(509): CodeIgniter\CodeIgniter->runController(Object(App\Controllers\PurchaseController))
 3 SYSTEMPATH\CodeIgniter.php(355): CodeIgniter\CodeIgniter->handleRequest(null, Object(Config\Cache), false)
 4 SYSTEMPATH\Boot.php(325): CodeIgniter\CodeIgniter->run()
 5 SYSTEMPATH\Boot.php(67): CodeIgniter\Boot::runCodeIgniter(Object(CodeIgniter\CodeIgniter))
 6 FCPATH\index.php(56): CodeIgniter\Boot::bootWeb(Object(Config\Paths))
 7 SYSTEMPATH\rewrite.php(44): require_once('C:\\Users\\FBI DENIS STORE\\Desktop\\TestBachelor\\HospitalBack\\public\\index.php')
CRITICAL - 2026-07-08 11:54:08 --> Error: Class "App\Controllers\ResponsInterface" not found
[Method: POST, Route: purchase/createPurchase]
in APPPATH\Controllers\PurchaseController.php on line 137.
 1 SYSTEMPATH\CodeIgniter.php(933): App\Controllers\PurchaseController->createPurchase()
 2 SYSTEMPATH\CodeIgniter.php(509): CodeIgniter\CodeIgniter->runController(Object(App\Controllers\PurchaseController))
 3 SYSTEMPATH\CodeIgniter.php(355): CodeIgniter\CodeIgniter->handleRequest(null, Object(Config\Cache), false)
 4 SYSTEMPATH\Boot.php(325): CodeIgniter\CodeIgniter->run()
 5 SYSTEMPATH\Boot.php(67): CodeIgniter\Boot::runCodeIgniter(Object(CodeIgniter\CodeIgniter))
 6 FCPATH\index.php(56): CodeIgniter\Boot::bootWeb(Object(Config\Paths))
 7 SYSTEMPATH\rewrite.php(44): require_once('C:\\Users\\FBI DENIS STORE\\Desktop\\TestBachelor\\HospitalBack\\public\\index.php')
CRITICAL - 2026-07-08 11:59:31 --> Error: Class "App\Controllers\ResponsInterface" not found
[Method: POST, Route: purchase/createPurchase]
in APPPATH\Controllers\PurchaseController.php on line 138.
 1 SYSTEMPATH\CodeIgniter.php(933): App\Controllers\PurchaseController->createPurchase()
 2 SYSTEMPATH\CodeIgniter.php(509): CodeIgniter\CodeIgniter->runController(Object(App\Controllers\PurchaseController))
 3 SYSTEMPATH\CodeIgniter.php(355): CodeIgniter\CodeIgniter->handleRequest(null, Object(Config\Cache), false)
 4 SYSTEMPATH\Boot.php(325): CodeIgniter\CodeIgniter->run()
 5 SYSTEMPATH\Boot.php(67): CodeIgniter\Boot::runCodeIgniter(Object(CodeIgniter\CodeIgniter))
 6 FCPATH\index.php(56): CodeIgniter\Boot::bootWeb(Object(Config\Paths))
 7 SYSTEMPATH\rewrite.php(44): require_once('C:\\Users\\FBI DENIS STORE\\Desktop\\TestBachelor\\HospitalBack\\public\\index.php')
CRITICAL - 2026-07-08 11:59:33 --> Error: Class "App\Controllers\ResponsInterface" not found
[Method: POST, Route: purchase/createPurchase]
in APPPATH\Controllers\PurchaseController.php on line 138.
 1 SYSTEMPATH\CodeIgniter.php(933): App\Controllers\PurchaseController->createPurchase()
 2 SYSTEMPATH\CodeIgniter.php(509): CodeIgniter\CodeIgniter->runController(Object(App\Controllers\PurchaseController))
 3 SYSTEMPATH\CodeIgniter.php(355): CodeIgniter\CodeIgniter->handleRequest(null, Object(Config\Cache), false)
 4 SYSTEMPATH\Boot.php(325): CodeIgniter\CodeIgniter->run()
 5 SYSTEMPATH\Boot.php(67): CodeIgniter\Boot::runCodeIgniter(Object(CodeIgniter\CodeIgniter))
 6 FCPATH\index.php(56): CodeIgniter\Boot::bootWeb(Object(Config\Paths))
 7 SYSTEMPATH\rewrite.php(44): require_once('C:\\Users\\FBI DENIS STORE\\Desktop\\TestBachelor\\HospitalBack\\public\\index.php')
DEBUG - 2026-07-08 12:02:38 --> Purchase insert result: {"final_amount":600}
ERROR - 2026-07-08 13:15:34 --> mysqli_sql_exception: Champ 'id_product' inconnu dans where clause in C:\Users\FBI DENIS STORE\Desktop\TestBachelor\HospitalBack\system\Database\MySQLi\Connection.php:312
Stack trace:
#0 C:\Users\FBI DENIS STORE\Desktop\TestBachelor\HospitalBack\system\Database\MySQLi\Connection.php(312): mysqli->query('SELECT *\nFROM `...', 0)
#1 C:\Users\FBI DENIS STORE\Desktop\TestBachelor\HospitalBack\system\Database\BaseConnection.php(734): CodeIgniter\Database\MySQLi\Connection->execute('SELECT *\nFROM `...')
#2 C:\Users\FBI DENIS STORE\Desktop\TestBachelor\HospitalBack\system\Database\BaseConnection.php(648): CodeIgniter\Database\BaseConnection->simpleQuery('SELECT *\nFROM `...')
#3 C:\Users\FBI DENIS STORE\Desktop\TestBachelor\HospitalBack\system\Database\BaseBuilder.php(1636): CodeIgniter\Database\BaseConnection->query('SELECT *\nFROM `...', Array, false)
#4 C:\Users\FBI DENIS STORE\Desktop\TestBachelor\HospitalBack\system\Model.php(330): CodeIgniter\Database\BaseBuilder->get()
#5 C:\Users\FBI DENIS STORE\Desktop\TestBachelor\HospitalBack\system\BaseModel.php(714): CodeIgniter\Model->doFirst()
#6 C:\Users\FBI DENIS STORE\Desktop\TestBachelor\HospitalBack\app\Controllers\PurchaseController.php(52): CodeIgniter\BaseModel->first()
#7 C:\Users\FBI DENIS STORE\Desktop\TestBachelor\HospitalBack\system\CodeIgniter.php(933): App\Controllers\PurchaseController->createPurchase()
#8 C:\Users\FBI DENIS STORE\Desktop\TestBachelor\HospitalBack\system\CodeIgniter.php(509): CodeIgniter\CodeIgniter->runController(Object(App\Controllers\PurchaseController))
#9 C:\Users\FBI DENIS STORE\Desktop\TestBachelor\HospitalBack\system\CodeIgniter.php(355): CodeIgniter\CodeIgniter->handleRequest(NULL, Object(Config\Cache), false)
#10 C:\Users\FBI DENIS STORE\Desktop\TestBachelor\HospitalBack\system\Boot.php(325): CodeIgniter\CodeIgniter->run()
#11 C:\Users\FBI DENIS STORE\Desktop\TestBachelor\HospitalBack\system\Boot.php(67): CodeIgniter\Boot::runCodeIgniter(Object(CodeIgniter\CodeIgniter))
#12 C:\Users\FBI DENIS STORE\Desktop\TestBachelor\HospitalBack\public\index.php(56): CodeIgniter\Boot::bootWeb(Object(Config\Paths))
#13 C:\Users\FBI DENIS STORE\Desktop\TestBachelor\HospitalBack\system\rewrite.php(44): require_once('C:\\Users\\FBI DE...')
#14 {main}
CRITICAL - 2026-07-08 13:15:34 --> Error: Call to a member function getFirstRow() on bool
[Method: POST, Route: purchase/createPurchase]
in SYSTEMPATH\Model.php on line 330.
 1 SYSTEMPATH\BaseModel.php(714): CodeIgniter\Model->doFirst()
 2 APPPATH\Controllers\PurchaseController.php(52): CodeIgniter\BaseModel->first()
 3 SYSTEMPATH\CodeIgniter.php(933): App\Controllers\PurchaseController->createPurchase()
 4 SYSTEMPATH\CodeIgniter.php(509): CodeIgniter\CodeIgniter->runController(Object(App\Controllers\PurchaseController))
 5 SYSTEMPATH\CodeIgniter.php(355): CodeIgniter\CodeIgniter->handleRequest(null, Object(Config\Cache), false)
 6 SYSTEMPATH\Boot.php(325): CodeIgniter\CodeIgniter->run()
 7 SYSTEMPATH\Boot.php(67): CodeIgniter\Boot::runCodeIgniter(Object(CodeIgniter\CodeIgniter))
 8 FCPATH\index.php(56): CodeIgniter\Boot::bootWeb(Object(Config\Paths))
 9 SYSTEMPATH\rewrite.php(44): require_once('C:\\Users\\FBI DENIS STORE\\Desktop\\TestBachelor\\HospitalBack\\public\\index.php')
CRITICAL - 2026-07-08 13:16:55 --> CodeIgniter\Exceptions\ModelException: You cannot use "getCompiledSelect()" in "App\Models\StockModel". This is a method of the Query Builder Class.
[Method: POST, Route: purchase/createPurchase]
in SYSTEMPATH\Model.php on line 948.
 1 SYSTEMPATH\Model.php(948): CodeIgniter\Exceptions\ModelException::forMethodNotAvailable('App\\Models\\StockModel', 'getCompiledSelect()')
 2 SYSTEMPATH\Model.php(928): CodeIgniter\Model->checkBuilderMethod('getCompiledSelect')
 3 APPPATH\Controllers\PurchaseController.php(54): CodeIgniter\Model->__call('getCompiledSelect', [])
 4 SYSTEMPATH\CodeIgniter.php(933): App\Controllers\PurchaseController->createPurchase()
 5 SYSTEMPATH\CodeIgniter.php(509): CodeIgniter\CodeIgniter->runController(Object(App\Controllers\PurchaseController))
 6 SYSTEMPATH\CodeIgniter.php(355): CodeIgniter\CodeIgniter->handleRequest(null, Object(Config\Cache), false)
 7 SYSTEMPATH\Boot.php(325): CodeIgniter\CodeIgniter->run()
 8 SYSTEMPATH\Boot.php(67): CodeIgniter\Boot::runCodeIgniter(Object(CodeIgniter\CodeIgniter))
 9 FCPATH\index.php(56): CodeIgniter\Boot::bootWeb(Object(Config\Paths))
10 SYSTEMPATH\rewrite.php(44): require_once('C:\\Users\\FBI DENIS STORE\\Desktop\\TestBachelor\\HospitalBack\\public\\index.php')
CRITICAL - 2026-07-08 13:19:25 --> ErrorException: Undefined variable $id_stockMvt
[Method: POST, Route: purchase/createPurchase]
in APPPATH\Controllers\PurchaseController.php on line 126.
 1 APPPATH\Controllers\PurchaseController.php(126): CodeIgniter\Debug\Exceptions->errorHandler(2, 'Undefined variable $id_stockMvt', 'C:\\Users\\FBI DENIS STORE\\Desktop\\TestBachelor\\HospitalBack\\app\\Controllers\\PurchaseController.php', 126)
 2 SYSTEMPATH\CodeIgniter.php(933): App\Controllers\PurchaseController->createPurchase()
 3 SYSTEMPATH\CodeIgniter.php(509): CodeIgniter\CodeIgniter->runController(Object(App\Controllers\PurchaseController))
 4 SYSTEMPATH\CodeIgniter.php(355): CodeIgniter\CodeIgniter->handleRequest(null, Object(Config\Cache), false)
 5 SYSTEMPATH\Boot.php(325): CodeIgniter\CodeIgniter->run()
 6 SYSTEMPATH\Boot.php(67): CodeIgniter\Boot::runCodeIgniter(Object(CodeIgniter\CodeIgniter))
 7 FCPATH\index.php(56): CodeIgniter\Boot::bootWeb(Object(Config\Paths))
 8 SYSTEMPATH\rewrite.php(44): require_once('C:\\Users\\FBI DENIS STORE\\Desktop\\TestBachelor\\HospitalBack\\public\\index.php')
