CRITICAL - 2026-07-02 21:14:54 --> ErrorException: Undefined variable $idfunct
[Method: DELETE, Route: product/deleteProdu/2]
in APPPATH\Controllers\ProductController.php on line 131.
 1 APPPATH\Controllers\ProductController.php(131): CodeIgniter\Debug\Exceptions->errorHandler(2, 'Undefined variable $idfunct', 'C:\\Users\\FBI DENIS STORE\\Desktop\\TestBachelor\\HospitalBack\\app\\Controllers\\ProductController.php', 131)
 2 SYSTEMPATH\CodeIgniter.php(933): App\Controllers\ProductController->deleteProduct('2')
 3 SYSTEMPATH\CodeIgniter.php(509): CodeIgniter\CodeIgniter->runController(Object(App\Controllers\ProductController))
 4 SYSTEMPATH\CodeIgniter.php(355): CodeIgniter\CodeIgniter->handleRequest(null, Object(Config\Cache), false)
 5 SYSTEMPATH\Boot.php(325): CodeIgniter\CodeIgniter->run()
 6 SYSTEMPATH\Boot.php(67): CodeIgniter\Boot::runCodeIgniter(Object(CodeIgniter\CodeIgniter))
 7 FCPATH\index.php(56): CodeIgniter\Boot::bootWeb(Object(Config\Paths))
 8 SYSTEMPATH\rewrite.php(44): require_once('C:\\Users\\FBI DENIS STORE\\Desktop\\TestBachelor\\HospitalBack\\public\\index.php')
CRITICAL - 2026-07-02 21:27:36 --> ErrorException: Undefined variable $functs
[Method: GET, Route: product]
in APPPATH\Controllers\ProductController.php on line 26.
 1 APPPATH\Controllers\ProductController.php(26): CodeIgniter\Debug\Exceptions->errorHandler(2, 'Undefined variable $functs', 'C:\\Users\\FBI DENIS STORE\\Desktop\\TestBachelor\\HospitalBack\\app\\Controllers\\ProductController.php', 26)
 2 SYSTEMPATH\CodeIgniter.php(933): App\Controllers\ProductController->indexProduct()
 3 SYSTEMPATH\CodeIgniter.php(509): CodeIgniter\CodeIgniter->runController(Object(App\Controllers\ProductController))
 4 SYSTEMPATH\CodeIgniter.php(355): CodeIgniter\CodeIgniter->handleRequest(null, Object(Config\Cache), false)
 5 SYSTEMPATH\Boot.php(325): CodeIgniter\CodeIgniter->run()
 6 SYSTEMPATH\Boot.php(67): CodeIgniter\Boot::runCodeIgniter(Object(CodeIgniter\CodeIgniter))
 7 FCPATH\index.php(56): CodeIgniter\Boot::bootWeb(Object(Config\Paths))
 8 SYSTEMPATH\rewrite.php(44): require_once('C:\\Users\\FBI DENIS STORE\\Desktop\\TestBachelor\\HospitalBack\\public\\index.php')
