CRITICAL - 2026-04-13 14:58:43 --> ErrorException: Undefined variable $estate_model
[Method: POST, Route: estate/creerEstate]
in APPPATH\Controllers\EstateeController.php on line 110.
 1 APPPATH\Controllers\EstateeController.php(110): CodeIgniter\Debug\Exceptions->errorHandler(2, 'Undefined variable $estate_model', 'D:\\BACHELOR2026\\backend\\app\\Controllers\\EstateeController.php', 110)
 2 SYSTEMPATH\CodeIgniter.php(933): App\Controllers\EstateeController->createEstate()
 3 SYSTEMPATH\CodeIgniter.php(509): CodeIgniter\CodeIgniter->runController(Object(App\Controllers\EstateeController))
 4 SYSTEMPATH\CodeIgniter.php(355): CodeIgniter\CodeIgniter->handleRequest(null, Object(Config\Cache), false)
 5 SYSTEMPATH\Boot.php(325): CodeIgniter\CodeIgniter->run()
 6 SYSTEMPATH\Boot.php(67): CodeIgniter\Boot::runCodeIgniter(Object(CodeIgniter\CodeIgniter))
 7 FCPATH\index.php(56): CodeIgniter\Boot::bootWeb(Object(Config\Paths))
 8 SYSTEMPATH\rewrite.php(44): require_once('D:\\BACHELOR2026\\backend\\public\\index.php')
ERROR - 2026-04-13 14:59:37 --> Exception: table realEstate has no column named number_stay in D:\BACHELOR2026\backend\system\Database\SQLite3\Connection.php:157
Stack trace:
#0 D:\BACHELOR2026\backend\system\Database\SQLite3\Connection.php(157): SQLite3->exec('INSERT INTO `re...')
#1 D:\BACHELOR2026\backend\system\Database\BaseConnection.php(734): CodeIgniter\Database\SQLite3\Connection->execute('INSERT INTO `re...')
#2 D:\BACHELOR2026\backend\system\Database\BaseConnection.php(648): CodeIgniter\Database\BaseConnection->simpleQuery('INSERT INTO `re...')
#3 D:\BACHELOR2026\backend\system\Database\BaseBuilder.php(2332): CodeIgniter\Database\BaseConnection->query('INSERT INTO `re...', Array, false)
#4 D:\BACHELOR2026\backend\system\Model.php(394): CodeIgniter\Database\BaseBuilder->insert()
#5 D:\BACHELOR2026\backend\system\BaseModel.php(840): CodeIgniter\Model->doInsert(Array)
#6 D:\BACHELOR2026\backend\system\Model.php(802): CodeIgniter\BaseModel->insert(Array, true)
#7 D:\BACHELOR2026\backend\app\Controllers\EstateeController.php(101): CodeIgniter\Model->insert(Array)
#8 D:\BACHELOR2026\backend\system\CodeIgniter.php(933): App\Controllers\EstateeController->createEstate()
#9 D:\BACHELOR2026\backend\system\CodeIgniter.php(509): CodeIgniter\CodeIgniter->runController(Object(App\Controllers\EstateeController))
#10 D:\BACHELOR2026\backend\system\CodeIgniter.php(355): CodeIgniter\CodeIgniter->handleRequest(NULL, Object(Config\Cache), false)
#11 D:\BACHELOR2026\backend\system\Boot.php(325): CodeIgniter\CodeIgniter->run()
#12 D:\BACHELOR2026\backend\system\Boot.php(67): CodeIgniter\Boot::runCodeIgniter(Object(CodeIgniter\CodeIgniter))
#13 D:\BACHELOR2026\backend\public\index.php(56): CodeIgniter\Boot::bootWeb(Object(Config\Paths))
#14 D:\BACHELOR2026\backend\system\rewrite.php(44): require_once('D:\\BACHELOR2026...')
#15 {main}
CRITICAL - 2026-04-13 14:59:37 --> CodeIgniter\Database\Exceptions\DatabaseException: table realEstate has no column named number_stay
[Method: POST, Route: estate/creerEstate]
in SYSTEMPATH\Database\BaseConnection.php on line 688.
 1 SYSTEMPATH\Database\BaseBuilder.php(2332): CodeIgniter\Database\BaseConnection->query('INSERT INTO `realEstate` (`title`, `description`, `price`, `type_estate`, `furnishing`, `location`, `purpose_Estate`, `status`, `Quarter`, `period`, `number_stay`, `created_at`, `updated_at`) VALUES (:title:, :description:, :price:, :type_estate:, :furnishing:, :location:, :purpose_Estate:, :status:, :Quarter:, :period:, :number_stay:, :created_at:, :updated_at:)', [...], false)
 2 SYSTEMPATH\Model.php(394): CodeIgniter\Database\BaseBuilder->insert()
 3 SYSTEMPATH\BaseModel.php(840): CodeIgniter\Model->doInsert([...])
 4 SYSTEMPATH\Model.php(802): CodeIgniter\BaseModel->insert([...], true)
 5 APPPATH\Controllers\EstateeController.php(101): CodeIgniter\Model->insert([...])
 6 SYSTEMPATH\CodeIgniter.php(933): App\Controllers\EstateeController->createEstate()
 7 SYSTEMPATH\CodeIgniter.php(509): CodeIgniter\CodeIgniter->runController(Object(App\Controllers\EstateeController))
 8 SYSTEMPATH\CodeIgniter.php(355): CodeIgniter\CodeIgniter->handleRequest(null, Object(Config\Cache), false)
 9 SYSTEMPATH\Boot.php(325): CodeIgniter\CodeIgniter->run()
10 SYSTEMPATH\Boot.php(67): CodeIgniter\Boot::runCodeIgniter(Object(CodeIgniter\CodeIgniter))
11 FCPATH\index.php(56): CodeIgniter\Boot::bootWeb(Object(Config\Paths))
12 SYSTEMPATH\rewrite.php(44): require_once('D:\\BACHELOR2026\\backend\\public\\index.php')
CRITICAL - 2026-04-13 14:59:37 --> [Caused by] CodeIgniter\Database\Exceptions\DatabaseException: table realEstate has no column named number_stay
in SYSTEMPATH\Database\SQLite3\Connection.php on line 163.
 1 SYSTEMPATH\Database\BaseConnection.php(734): CodeIgniter\Database\SQLite3\Connection->execute('INSERT INTO `realEstate` (`title`, `description`, `price`, `type_estate`, `furnishing`, `location`, `purpose_Estate`, `status`, `Quarter`, `period`, `number_stay`, `created_at`, `updated_at`) VALUES (\'Appartment haut standing\', \'2 chambre, 3douches plus veranda spacieuse\', \'XAF 50000\', \'Appartement\', \'furnished\', \'Bafoussam\', \'reservation\', \'active\', \'maeture\', \'monthly\', \'3weeks\', \'2026-04-13 14:59:37\', \'2026-04-13 14:59:37\')')
 2 SYSTEMPATH\Database\BaseConnection.php(648): CodeIgniter\Database\BaseConnection->simpleQuery('INSERT INTO `realEstate` (`title`, `description`, `price`, `type_estate`, `furnishing`, `location`, `purpose_Estate`, `status`, `Quarter`, `period`, `number_stay`, `created_at`, `updated_at`) VALUES (\'Appartment haut standing\', \'2 chambre, 3douches plus veranda spacieuse\', \'XAF 50000\', \'Appartement\', \'furnished\', \'Bafoussam\', \'reservation\', \'active\', \'maeture\', \'monthly\', \'3weeks\', \'2026-04-13 14:59:37\', \'2026-04-13 14:59:37\')')
 3 SYSTEMPATH\Database\BaseBuilder.php(2332): CodeIgniter\Database\BaseConnection->query('INSERT INTO `realEstate` (`title`, `description`, `price`, `type_estate`, `furnishing`, `location`, `purpose_Estate`, `status`, `Quarter`, `period`, `number_stay`, `created_at`, `updated_at`) VALUES (:title:, :description:, :price:, :type_estate:, :furnishing:, :location:, :purpose_Estate:, :status:, :Quarter:, :period:, :number_stay:, :created_at:, :updated_at:)', [...], false)
 4 SYSTEMPATH\Model.php(394): CodeIgniter\Database\BaseBuilder->insert()
 5 SYSTEMPATH\BaseModel.php(840): CodeIgniter\Model->doInsert([...])
 6 SYSTEMPATH\Model.php(802): CodeIgniter\BaseModel->insert([...], true)
 7 APPPATH\Controllers\EstateeController.php(101): CodeIgniter\Model->insert([...])
 8 SYSTEMPATH\CodeIgniter.php(933): App\Controllers\EstateeController->createEstate()
 9 SYSTEMPATH\CodeIgniter.php(509): CodeIgniter\CodeIgniter->runController(Object(App\Controllers\EstateeController))
10 SYSTEMPATH\CodeIgniter.php(355): CodeIgniter\CodeIgniter->handleRequest(null, Object(Config\Cache), false)
11 SYSTEMPATH\Boot.php(325): CodeIgniter\CodeIgniter->run()
12 SYSTEMPATH\Boot.php(67): CodeIgniter\Boot::runCodeIgniter(Object(CodeIgniter\CodeIgniter))
13 FCPATH\index.php(56): CodeIgniter\Boot::bootWeb(Object(Config\Paths))
14 SYSTEMPATH\rewrite.php(44): require_once('D:\\BACHELOR2026\\backend\\public\\index.php')
CRITICAL - 2026-04-13 14:59:37 --> [Caused by] Exception: table realEstate has no column named number_stay
in SYSTEMPATH\Database\SQLite3\Connection.php on line 157.
 1 SYSTEMPATH\Database\SQLite3\Connection.php(157): SQLite3->exec('INSERT INTO `realEstate` (`title`, `description`, `price`, `type_estate`, `furnishing`, `location`, `purpose_Estate`, `status`, `Quarter`, `period`, `number_stay`, `created_at`, `updated_at`) VALUES (\'Appartment haut standing\', \'2 chambre, 3douches plus veranda spacieuse\', \'XAF 50000\', \'Appartement\', \'furnished\', \'Bafoussam\', \'reservation\', \'active\', \'maeture\', \'monthly\', \'3weeks\', \'2026-04-13 14:59:37\', \'2026-04-13 14:59:37\')')
 2 SYSTEMPATH\Database\BaseConnection.php(734): CodeIgniter\Database\SQLite3\Connection->execute('INSERT INTO `realEstate` (`title`, `description`, `price`, `type_estate`, `furnishing`, `location`, `purpose_Estate`, `status`, `Quarter`, `period`, `number_stay`, `created_at`, `updated_at`) VALUES (\'Appartment haut standing\', \'2 chambre, 3douches plus veranda spacieuse\', \'XAF 50000\', \'Appartement\', \'furnished\', \'Bafoussam\', \'reservation\', \'active\', \'maeture\', \'monthly\', \'3weeks\', \'2026-04-13 14:59:37\', \'2026-04-13 14:59:37\')')
 3 SYSTEMPATH\Database\BaseConnection.php(648): CodeIgniter\Database\BaseConnection->simpleQuery('INSERT INTO `realEstate` (`title`, `description`, `price`, `type_estate`, `furnishing`, `location`, `purpose_Estate`, `status`, `Quarter`, `period`, `number_stay`, `created_at`, `updated_at`) VALUES (\'Appartment haut standing\', \'2 chambre, 3douches plus veranda spacieuse\', \'XAF 50000\', \'Appartement\', \'furnished\', \'Bafoussam\', \'reservation\', \'active\', \'maeture\', \'monthly\', \'3weeks\', \'2026-04-13 14:59:37\', \'2026-04-13 14:59:37\')')
 4 SYSTEMPATH\Database\BaseBuilder.php(2332): CodeIgniter\Database\BaseConnection->query('INSERT INTO `realEstate` (`title`, `description`, `price`, `type_estate`, `furnishing`, `location`, `purpose_Estate`, `status`, `Quarter`, `period`, `number_stay`, `created_at`, `updated_at`) VALUES (:title:, :description:, :price:, :type_estate:, :furnishing:, :location:, :purpose_Estate:, :status:, :Quarter:, :period:, :number_stay:, :created_at:, :updated_at:)', [...], false)
 5 SYSTEMPATH\Model.php(394): CodeIgniter\Database\BaseBuilder->insert()
 6 SYSTEMPATH\BaseModel.php(840): CodeIgniter\Model->doInsert([...])
 7 SYSTEMPATH\Model.php(802): CodeIgniter\BaseModel->insert([...], true)
 8 APPPATH\Controllers\EstateeController.php(101): CodeIgniter\Model->insert([...])
 9 SYSTEMPATH\CodeIgniter.php(933): App\Controllers\EstateeController->createEstate()
10 SYSTEMPATH\CodeIgniter.php(509): CodeIgniter\CodeIgniter->runController(Object(App\Controllers\EstateeController))
11 SYSTEMPATH\CodeIgniter.php(355): CodeIgniter\CodeIgniter->handleRequest(null, Object(Config\Cache), false)
12 SYSTEMPATH\Boot.php(325): CodeIgniter\CodeIgniter->run()
13 SYSTEMPATH\Boot.php(67): CodeIgniter\Boot::runCodeIgniter(Object(CodeIgniter\CodeIgniter))
14 FCPATH\index.php(56): CodeIgniter\Boot::bootWeb(Object(Config\Paths))
15 SYSTEMPATH\rewrite.php(44): require_once('D:\\BACHELOR2026\\backend\\public\\index.php')
ERROR - 2026-04-13 15:19:09 --> Exception: NOT NULL constraint failed: realEstate.id_agent in D:\BACHELOR2026\backend\system\Database\SQLite3\Connection.php:157
Stack trace:
#0 D:\BACHELOR2026\backend\system\Database\SQLite3\Connection.php(157): SQLite3->exec('INSERT INTO `re...')
#1 D:\BACHELOR2026\backend\system\Database\BaseConnection.php(734): CodeIgniter\Database\SQLite3\Connection->execute('INSERT INTO `re...')
#2 D:\BACHELOR2026\backend\system\Database\BaseConnection.php(648): CodeIgniter\Database\BaseConnection->simpleQuery('INSERT INTO `re...')
#3 D:\BACHELOR2026\backend\system\Database\BaseBuilder.php(2332): CodeIgniter\Database\BaseConnection->query('INSERT INTO `re...', Array, false)
#4 D:\BACHELOR2026\backend\system\Model.php(394): CodeIgniter\Database\BaseBuilder->insert()
#5 D:\BACHELOR2026\backend\system\BaseModel.php(840): CodeIgniter\Model->doInsert(Array)
#6 D:\BACHELOR2026\backend\system\Model.php(802): CodeIgniter\BaseModel->insert(Array, true)
#7 D:\BACHELOR2026\backend\app\Controllers\EstateeController.php(101): CodeIgniter\Model->insert(Array)
#8 D:\BACHELOR2026\backend\system\CodeIgniter.php(933): App\Controllers\EstateeController->createEstate()
#9 D:\BACHELOR2026\backend\system\CodeIgniter.php(509): CodeIgniter\CodeIgniter->runController(Object(App\Controllers\EstateeController))
#10 D:\BACHELOR2026\backend\system\CodeIgniter.php(355): CodeIgniter\CodeIgniter->handleRequest(NULL, Object(Config\Cache), false)
#11 D:\BACHELOR2026\backend\system\Boot.php(325): CodeIgniter\CodeIgniter->run()
#12 D:\BACHELOR2026\backend\system\Boot.php(67): CodeIgniter\Boot::runCodeIgniter(Object(CodeIgniter\CodeIgniter))
#13 D:\BACHELOR2026\backend\public\index.php(56): CodeIgniter\Boot::bootWeb(Object(Config\Paths))
#14 D:\BACHELOR2026\backend\system\rewrite.php(44): require_once('D:\\BACHELOR2026...')
#15 {main}
CRITICAL - 2026-04-13 15:19:09 --> CodeIgniter\Database\Exceptions\DatabaseException: NOT NULL constraint failed: realEstate.id_agent
[Method: POST, Route: estate/creerEstate]
in SYSTEMPATH\Database\BaseConnection.php on line 688.
 1 SYSTEMPATH\Database\BaseBuilder.php(2332): CodeIgniter\Database\BaseConnection->query('INSERT INTO `realEstate` (`title`, `description`, `price`, `type_estate`, `furnishing`, `location`, `purpose_Estate`, `status`, `Quarter`, `period`, `created_at`, `updated_at`) VALUES (:title:, :description:, :price:, :type_estate:, :furnishing:, :location:, :purpose_Estate:, :status:, :Quarter:, :period:, :created_at:, :updated_at:)', [...], false)
 2 SYSTEMPATH\Model.php(394): CodeIgniter\Database\BaseBuilder->insert()
 3 SYSTEMPATH\BaseModel.php(840): CodeIgniter\Model->doInsert([...])
 4 SYSTEMPATH\Model.php(802): CodeIgniter\BaseModel->insert([...], true)
 5 APPPATH\Controllers\EstateeController.php(101): CodeIgniter\Model->insert([...])
 6 SYSTEMPATH\CodeIgniter.php(933): App\Controllers\EstateeController->createEstate()
 7 SYSTEMPATH\CodeIgniter.php(509): CodeIgniter\CodeIgniter->runController(Object(App\Controllers\EstateeController))
 8 SYSTEMPATH\CodeIgniter.php(355): CodeIgniter\CodeIgniter->handleRequest(null, Object(Config\Cache), false)
 9 SYSTEMPATH\Boot.php(325): CodeIgniter\CodeIgniter->run()
10 SYSTEMPATH\Boot.php(67): CodeIgniter\Boot::runCodeIgniter(Object(CodeIgniter\CodeIgniter))
11 FCPATH\index.php(56): CodeIgniter\Boot::bootWeb(Object(Config\Paths))
12 SYSTEMPATH\rewrite.php(44): require_once('D:\\BACHELOR2026\\backend\\public\\index.php')
CRITICAL - 2026-04-13 15:19:09 --> [Caused by] CodeIgniter\Database\Exceptions\DatabaseException: NOT NULL constraint failed: realEstate.id_agent
in SYSTEMPATH\Database\SQLite3\Connection.php on line 163.
 1 SYSTEMPATH\Database\BaseConnection.php(734): CodeIgniter\Database\SQLite3\Connection->execute('INSERT INTO `realEstate` (`title`, `description`, `price`, `type_estate`, `furnishing`, `location`, `purpose_Estate`, `status`, `Quarter`, `period`, `created_at`, `updated_at`) VALUES (\'Appartment haut standing\', \'2 chambre, 3douches plus veranda spacieuse\', \'XAF 50000\', \'Appartement\', \'furnished\', \'Bafoussam\', \'reservation\', \'active\', \'maeture\', \'monthly\', \'2026-04-13 15:19:09\', \'2026-04-13 15:19:09\')')
 2 SYSTEMPATH\Database\BaseConnection.php(648): CodeIgniter\Database\BaseConnection->simpleQuery('INSERT INTO `realEstate` (`title`, `description`, `price`, `type_estate`, `furnishing`, `location`, `purpose_Estate`, `status`, `Quarter`, `period`, `created_at`, `updated_at`) VALUES (\'Appartment haut standing\', \'2 chambre, 3douches plus veranda spacieuse\', \'XAF 50000\', \'Appartement\', \'furnished\', \'Bafoussam\', \'reservation\', \'active\', \'maeture\', \'monthly\', \'2026-04-13 15:19:09\', \'2026-04-13 15:19:09\')')
 3 SYSTEMPATH\Database\BaseBuilder.php(2332): CodeIgniter\Database\BaseConnection->query('INSERT INTO `realEstate` (`title`, `description`, `price`, `type_estate`, `furnishing`, `location`, `purpose_Estate`, `status`, `Quarter`, `period`, `created_at`, `updated_at`) VALUES (:title:, :description:, :price:, :type_estate:, :furnishing:, :location:, :purpose_Estate:, :status:, :Quarter:, :period:, :created_at:, :updated_at:)', [...], false)
 4 SYSTEMPATH\Model.php(394): CodeIgniter\Database\BaseBuilder->insert()
 5 SYSTEMPATH\BaseModel.php(840): CodeIgniter\Model->doInsert([...])
 6 SYSTEMPATH\Model.php(802): CodeIgniter\BaseModel->insert([...], true)
 7 APPPATH\Controllers\EstateeController.php(101): CodeIgniter\Model->insert([...])
 8 SYSTEMPATH\CodeIgniter.php(933): App\Controllers\EstateeController->createEstate()
 9 SYSTEMPATH\CodeIgniter.php(509): CodeIgniter\CodeIgniter->runController(Object(App\Controllers\EstateeController))
10 SYSTEMPATH\CodeIgniter.php(355): CodeIgniter\CodeIgniter->handleRequest(null, Object(Config\Cache), false)
11 SYSTEMPATH\Boot.php(325): CodeIgniter\CodeIgniter->run()
12 SYSTEMPATH\Boot.php(67): CodeIgniter\Boot::runCodeIgniter(Object(CodeIgniter\CodeIgniter))
13 FCPATH\index.php(56): CodeIgniter\Boot::bootWeb(Object(Config\Paths))
14 SYSTEMPATH\rewrite.php(44): require_once('D:\\BACHELOR2026\\backend\\public\\index.php')
CRITICAL - 2026-04-13 15:19:09 --> [Caused by] Exception: NOT NULL constraint failed: realEstate.id_agent
in SYSTEMPATH\Database\SQLite3\Connection.php on line 157.
 1 SYSTEMPATH\Database\SQLite3\Connection.php(157): SQLite3->exec('INSERT INTO `realEstate` (`title`, `description`, `price`, `type_estate`, `furnishing`, `location`, `purpose_Estate`, `status`, `Quarter`, `period`, `created_at`, `updated_at`) VALUES (\'Appartment haut standing\', \'2 chambre, 3douches plus veranda spacieuse\', \'XAF 50000\', \'Appartement\', \'furnished\', \'Bafoussam\', \'reservation\', \'active\', \'maeture\', \'monthly\', \'2026-04-13 15:19:09\', \'2026-04-13 15:19:09\')')
 2 SYSTEMPATH\Database\BaseConnection.php(734): CodeIgniter\Database\SQLite3\Connection->execute('INSERT INTO `realEstate` (`title`, `description`, `price`, `type_estate`, `furnishing`, `location`, `purpose_Estate`, `status`, `Quarter`, `period`, `created_at`, `updated_at`) VALUES (\'Appartment haut standing\', \'2 chambre, 3douches plus veranda spacieuse\', \'XAF 50000\', \'Appartement\', \'furnished\', \'Bafoussam\', \'reservation\', \'active\', \'maeture\', \'monthly\', \'2026-04-13 15:19:09\', \'2026-04-13 15:19:09\')')
 3 SYSTEMPATH\Database\BaseConnection.php(648): CodeIgniter\Database\BaseConnection->simpleQuery('INSERT INTO `realEstate` (`title`, `description`, `price`, `type_estate`, `furnishing`, `location`, `purpose_Estate`, `status`, `Quarter`, `period`, `created_at`, `updated_at`) VALUES (\'Appartment haut standing\', \'2 chambre, 3douches plus veranda spacieuse\', \'XAF 50000\', \'Appartement\', \'furnished\', \'Bafoussam\', \'reservation\', \'active\', \'maeture\', \'monthly\', \'2026-04-13 15:19:09\', \'2026-04-13 15:19:09\')')
 4 SYSTEMPATH\Database\BaseBuilder.php(2332): CodeIgniter\Database\BaseConnection->query('INSERT INTO `realEstate` (`title`, `description`, `price`, `type_estate`, `furnishing`, `location`, `purpose_Estate`, `status`, `Quarter`, `period`, `created_at`, `updated_at`) VALUES (:title:, :description:, :price:, :type_estate:, :furnishing:, :location:, :purpose_Estate:, :status:, :Quarter:, :period:, :created_at:, :updated_at:)', [...], false)
 5 SYSTEMPATH\Model.php(394): CodeIgniter\Database\BaseBuilder->insert()
 6 SYSTEMPATH\BaseModel.php(840): CodeIgniter\Model->doInsert([...])
 7 SYSTEMPATH\Model.php(802): CodeIgniter\BaseModel->insert([...], true)
 8 APPPATH\Controllers\EstateeController.php(101): CodeIgniter\Model->insert([...])
 9 SYSTEMPATH\CodeIgniter.php(933): App\Controllers\EstateeController->createEstate()
10 SYSTEMPATH\CodeIgniter.php(509): CodeIgniter\CodeIgniter->runController(Object(App\Controllers\EstateeController))
11 SYSTEMPATH\CodeIgniter.php(355): CodeIgniter\CodeIgniter->handleRequest(null, Object(Config\Cache), false)
12 SYSTEMPATH\Boot.php(325): CodeIgniter\CodeIgniter->run()
13 SYSTEMPATH\Boot.php(67): CodeIgniter\Boot::runCodeIgniter(Object(CodeIgniter\CodeIgniter))
14 FCPATH\index.php(56): CodeIgniter\Boot::bootWeb(Object(Config\Paths))
15 SYSTEMPATH\rewrite.php(44): require_once('D:\\BACHELOR2026\\backend\\public\\index.php')
INFO - 2026-04-13 15:58:03 --> Session: Class initialized using 'CodeIgniter\Session\Handlers\FileHandler' driver.
ERROR - 2026-04-13 15:58:03 --> Exception: Unable to prepare statement: 1, no such column: user_id in D:\BACHELOR2026\backend\system\Database\SQLite3\Connection.php:158
Stack trace:
#0 D:\BACHELOR2026\backend\system\Database\SQLite3\Connection.php(158): SQLite3->query('SELECT *\nFROM `...')
#1 D:\BACHELOR2026\backend\system\Database\BaseConnection.php(734): CodeIgniter\Database\SQLite3\Connection->execute('SELECT *\nFROM `...')
#2 D:\BACHELOR2026\backend\system\Database\BaseConnection.php(648): CodeIgniter\Database\BaseConnection->simpleQuery('SELECT *\nFROM `...')
#3 D:\BACHELOR2026\backend\system\Database\BaseBuilder.php(1636): CodeIgniter\Database\BaseConnection->query('SELECT *\nFROM `...', Array, false)
#4 D:\BACHELOR2026\backend\system\Model.php(330): CodeIgniter\Database\BaseBuilder->get()
#5 D:\BACHELOR2026\backend\system\BaseModel.php(714): CodeIgniter\Model->doFirst()
#6 D:\BACHELOR2026\backend\app\Controllers\EstateeController.php(67): CodeIgniter\BaseModel->first()
#7 D:\BACHELOR2026\backend\system\CodeIgniter.php(933): App\Controllers\EstateeController->createEstate()
#8 D:\BACHELOR2026\backend\system\CodeIgniter.php(509): CodeIgniter\CodeIgniter->runController(Object(App\Controllers\EstateeController))
#9 D:\BACHELOR2026\backend\system\CodeIgniter.php(355): CodeIgniter\CodeIgniter->handleRequest(NULL, Object(Config\Cache), false)
#10 D:\BACHELOR2026\backend\system\Boot.php(325): CodeIgniter\CodeIgniter->run()
#11 D:\BACHELOR2026\backend\system\Boot.php(67): CodeIgniter\Boot::runCodeIgniter(Object(CodeIgniter\CodeIgniter))
#12 D:\BACHELOR2026\backend\public\index.php(56): CodeIgniter\Boot::bootWeb(Object(Config\Paths))
#13 D:\BACHELOR2026\backend\system\rewrite.php(44): require_once('D:\\BACHELOR2026...')
#14 {main}
CRITICAL - 2026-04-13 15:58:03 --> CodeIgniter\Database\Exceptions\DatabaseException: Unable to prepare statement: 1, no such column: user_id
[Method: POST, Route: estate/creerEstate]
in SYSTEMPATH\Database\BaseConnection.php on line 688.
 1 SYSTEMPATH\Database\BaseBuilder.php(1636): CodeIgniter\Database\BaseConnection->query('SELECT *
FROM `owner`
WHERE `user_id` IS NULL
AND `owner`.`deleted_at` IS NULL
 LIMIT 1', [], false)
 2 SYSTEMPATH\Model.php(330): CodeIgniter\Database\BaseBuilder->get()
 3 SYSTEMPATH\BaseModel.php(714): CodeIgniter\Model->doFirst()
 4 APPPATH\Controllers\EstateeController.php(67): CodeIgniter\BaseModel->first()
 5 SYSTEMPATH\CodeIgniter.php(933): App\Controllers\EstateeController->createEstate()
 6 SYSTEMPATH\CodeIgniter.php(509): CodeIgniter\CodeIgniter->runController(Object(App\Controllers\EstateeController))
 7 SYSTEMPATH\CodeIgniter.php(355): CodeIgniter\CodeIgniter->handleRequest(null, Object(Config\Cache), false)
 8 SYSTEMPATH\Boot.php(325): CodeIgniter\CodeIgniter->run()
 9 SYSTEMPATH\Boot.php(67): CodeIgniter\Boot::runCodeIgniter(Object(CodeIgniter\CodeIgniter))
10 FCPATH\index.php(56): CodeIgniter\Boot::bootWeb(Object(Config\Paths))
11 SYSTEMPATH\rewrite.php(44): require_once('D:\\BACHELOR2026\\backend\\public\\index.php')
CRITICAL - 2026-04-13 15:58:03 --> [Caused by] CodeIgniter\Database\Exceptions\DatabaseException: Unable to prepare statement: 1, no such column: user_id
in SYSTEMPATH\Database\SQLite3\Connection.php on line 163.
 1 SYSTEMPATH\Database\BaseConnection.php(734): CodeIgniter\Database\SQLite3\Connection->execute('SELECT *
FROM `owner`
WHERE `user_id` IS NULL
AND `owner`.`deleted_at` IS NULL
 LIMIT 1')
 2 SYSTEMPATH\Database\BaseConnection.php(648): CodeIgniter\Database\BaseConnection->simpleQuery('SELECT *
FROM `owner`
WHERE `user_id` IS NULL
AND `owner`.`deleted_at` IS NULL
 LIMIT 1')
 3 SYSTEMPATH\Database\BaseBuilder.php(1636): CodeIgniter\Database\BaseConnection->query('SELECT *
FROM `owner`
WHERE `user_id` IS NULL
AND `owner`.`deleted_at` IS NULL
 LIMIT 1', [], false)
 4 SYSTEMPATH\Model.php(330): CodeIgniter\Database\BaseBuilder->get()
 5 SYSTEMPATH\BaseModel.php(714): CodeIgniter\Model->doFirst()
 6 APPPATH\Controllers\EstateeController.php(67): CodeIgniter\BaseModel->first()
 7 SYSTEMPATH\CodeIgniter.php(933): App\Controllers\EstateeController->createEstate()
 8 SYSTEMPATH\CodeIgniter.php(509): CodeIgniter\CodeIgniter->runController(Object(App\Controllers\EstateeController))
 9 SYSTEMPATH\CodeIgniter.php(355): CodeIgniter\CodeIgniter->handleRequest(null, Object(Config\Cache), false)
10 SYSTEMPATH\Boot.php(325): CodeIgniter\CodeIgniter->run()
11 SYSTEMPATH\Boot.php(67): CodeIgniter\Boot::runCodeIgniter(Object(CodeIgniter\CodeIgniter))
12 FCPATH\index.php(56): CodeIgniter\Boot::bootWeb(Object(Config\Paths))
13 SYSTEMPATH\rewrite.php(44): require_once('D:\\BACHELOR2026\\backend\\public\\index.php')
CRITICAL - 2026-04-13 15:58:03 --> [Caused by] Exception: Unable to prepare statement: 1, no such column: user_id
in SYSTEMPATH\Database\SQLite3\Connection.php on line 158.
 1 SYSTEMPATH\Database\SQLite3\Connection.php(158): SQLite3->query('SELECT *
FROM `owner`
WHERE `user_id` IS NULL
AND `owner`.`deleted_at` IS NULL
 LIMIT 1')
 2 SYSTEMPATH\Database\BaseConnection.php(734): CodeIgniter\Database\SQLite3\Connection->execute('SELECT *
FROM `owner`
WHERE `user_id` IS NULL
AND `owner`.`deleted_at` IS NULL
 LIMIT 1')
 3 SYSTEMPATH\Database\BaseConnection.php(648): CodeIgniter\Database\BaseConnection->simpleQuery('SELECT *
FROM `owner`
WHERE `user_id` IS NULL
AND `owner`.`deleted_at` IS NULL
 LIMIT 1')
 4 SYSTEMPATH\Database\BaseBuilder.php(1636): CodeIgniter\Database\BaseConnection->query('SELECT *
FROM `owner`
WHERE `user_id` IS NULL
AND `owner`.`deleted_at` IS NULL
 LIMIT 1', [], false)
 5 SYSTEMPATH\Model.php(330): CodeIgniter\Database\BaseBuilder->get()
 6 SYSTEMPATH\BaseModel.php(714): CodeIgniter\Model->doFirst()
 7 APPPATH\Controllers\EstateeController.php(67): CodeIgniter\BaseModel->first()
 8 SYSTEMPATH\CodeIgniter.php(933): App\Controllers\EstateeController->createEstate()
 9 SYSTEMPATH\CodeIgniter.php(509): CodeIgniter\CodeIgniter->runController(Object(App\Controllers\EstateeController))
10 SYSTEMPATH\CodeIgniter.php(355): CodeIgniter\CodeIgniter->handleRequest(null, Object(Config\Cache), false)
11 SYSTEMPATH\Boot.php(325): CodeIgniter\CodeIgniter->run()
12 SYSTEMPATH\Boot.php(67): CodeIgniter\Boot::runCodeIgniter(Object(CodeIgniter\CodeIgniter))
13 FCPATH\index.php(56): CodeIgniter\Boot::bootWeb(Object(Config\Paths))
14 SYSTEMPATH\rewrite.php(44): require_once('D:\\BACHELOR2026\\backend\\public\\index.php')
INFO - 2026-04-13 15:58:36 --> Session: Class initialized using 'CodeIgniter\Session\Handlers\FileHandler' driver.
ERROR - 2026-04-13 15:58:36 --> Exception: Unable to prepare statement: 1, no such column: user_id in D:\BACHELOR2026\backend\system\Database\SQLite3\Connection.php:158
Stack trace:
#0 D:\BACHELOR2026\backend\system\Database\SQLite3\Connection.php(158): SQLite3->query('SELECT *\nFROM `...')
#1 D:\BACHELOR2026\backend\system\Database\BaseConnection.php(734): CodeIgniter\Database\SQLite3\Connection->execute('SELECT *\nFROM `...')
#2 D:\BACHELOR2026\backend\system\Database\BaseConnection.php(648): CodeIgniter\Database\BaseConnection->simpleQuery('SELECT *\nFROM `...')
#3 D:\BACHELOR2026\backend\system\Database\BaseBuilder.php(1636): CodeIgniter\Database\BaseConnection->query('SELECT *\nFROM `...', Array, false)
#4 D:\BACHELOR2026\backend\system\Model.php(330): CodeIgniter\Database\BaseBuilder->get()
#5 D:\BACHELOR2026\backend\system\BaseModel.php(714): CodeIgniter\Model->doFirst()
#6 D:\BACHELOR2026\backend\app\Controllers\EstateeController.php(67): CodeIgniter\BaseModel->first()
#7 D:\BACHELOR2026\backend\system\CodeIgniter.php(933): App\Controllers\EstateeController->createEstate()
#8 D:\BACHELOR2026\backend\system\CodeIgniter.php(509): CodeIgniter\CodeIgniter->runController(Object(App\Controllers\EstateeController))
#9 D:\BACHELOR2026\backend\system\CodeIgniter.php(355): CodeIgniter\CodeIgniter->handleRequest(NULL, Object(Config\Cache), false)
#10 D:\BACHELOR2026\backend\system\Boot.php(325): CodeIgniter\CodeIgniter->run()
#11 D:\BACHELOR2026\backend\system\Boot.php(67): CodeIgniter\Boot::runCodeIgniter(Object(CodeIgniter\CodeIgniter))
#12 D:\BACHELOR2026\backend\public\index.php(56): CodeIgniter\Boot::bootWeb(Object(Config\Paths))
#13 D:\BACHELOR2026\backend\system\rewrite.php(44): require_once('D:\\BACHELOR2026...')
#14 {main}
CRITICAL - 2026-04-13 15:58:36 --> CodeIgniter\Database\Exceptions\DatabaseException: Unable to prepare statement: 1, no such column: user_id
[Method: POST, Route: estate/creerEstate]
in SYSTEMPATH\Database\BaseConnection.php on line 688.
 1 SYSTEMPATH\Database\BaseBuilder.php(1636): CodeIgniter\Database\BaseConnection->query('SELECT *
FROM `owner`
WHERE `user_id` IS NULL
AND `owner`.`deleted_at` IS NULL
 LIMIT 1', [], false)
 2 SYSTEMPATH\Model.php(330): CodeIgniter\Database\BaseBuilder->get()
 3 SYSTEMPATH\BaseModel.php(714): CodeIgniter\Model->doFirst()
 4 APPPATH\Controllers\EstateeController.php(67): CodeIgniter\BaseModel->first()
 5 SYSTEMPATH\CodeIgniter.php(933): App\Controllers\EstateeController->createEstate()
 6 SYSTEMPATH\CodeIgniter.php(509): CodeIgniter\CodeIgniter->runController(Object(App\Controllers\EstateeController))
 7 SYSTEMPATH\CodeIgniter.php(355): CodeIgniter\CodeIgniter->handleRequest(null, Object(Config\Cache), false)
 8 SYSTEMPATH\Boot.php(325): CodeIgniter\CodeIgniter->run()
 9 SYSTEMPATH\Boot.php(67): CodeIgniter\Boot::runCodeIgniter(Object(CodeIgniter\CodeIgniter))
10 FCPATH\index.php(56): CodeIgniter\Boot::bootWeb(Object(Config\Paths))
11 SYSTEMPATH\rewrite.php(44): require_once('D:\\BACHELOR2026\\backend\\public\\index.php')
CRITICAL - 2026-04-13 15:58:36 --> [Caused by] CodeIgniter\Database\Exceptions\DatabaseException: Unable to prepare statement: 1, no such column: user_id
in SYSTEMPATH\Database\SQLite3\Connection.php on line 163.
 1 SYSTEMPATH\Database\BaseConnection.php(734): CodeIgniter\Database\SQLite3\Connection->execute('SELECT *
FROM `owner`
WHERE `user_id` IS NULL
AND `owner`.`deleted_at` IS NULL
 LIMIT 1')
 2 SYSTEMPATH\Database\BaseConnection.php(648): CodeIgniter\Database\BaseConnection->simpleQuery('SELECT *
FROM `owner`
WHERE `user_id` IS NULL
AND `owner`.`deleted_at` IS NULL
 LIMIT 1')
 3 SYSTEMPATH\Database\BaseBuilder.php(1636): CodeIgniter\Database\BaseConnection->query('SELECT *
FROM `owner`
WHERE `user_id` IS NULL
AND `owner`.`deleted_at` IS NULL
 LIMIT 1', [], false)
 4 SYSTEMPATH\Model.php(330): CodeIgniter\Database\BaseBuilder->get()
 5 SYSTEMPATH\BaseModel.php(714): CodeIgniter\Model->doFirst()
 6 APPPATH\Controllers\EstateeController.php(67): CodeIgniter\BaseModel->first()
 7 SYSTEMPATH\CodeIgniter.php(933): App\Controllers\EstateeController->createEstate()
 8 SYSTEMPATH\CodeIgniter.php(509): CodeIgniter\CodeIgniter->runController(Object(App\Controllers\EstateeController))
 9 SYSTEMPATH\CodeIgniter.php(355): CodeIgniter\CodeIgniter->handleRequest(null, Object(Config\Cache), false)
10 SYSTEMPATH\Boot.php(325): CodeIgniter\CodeIgniter->run()
11 SYSTEMPATH\Boot.php(67): CodeIgniter\Boot::runCodeIgniter(Object(CodeIgniter\CodeIgniter))
12 FCPATH\index.php(56): CodeIgniter\Boot::bootWeb(Object(Config\Paths))
13 SYSTEMPATH\rewrite.php(44): require_once('D:\\BACHELOR2026\\backend\\public\\index.php')
CRITICAL - 2026-04-13 15:58:36 --> [Caused by] Exception: Unable to prepare statement: 1, no such column: user_id
in SYSTEMPATH\Database\SQLite3\Connection.php on line 158.
 1 SYSTEMPATH\Database\SQLite3\Connection.php(158): SQLite3->query('SELECT *
FROM `owner`
WHERE `user_id` IS NULL
AND `owner`.`deleted_at` IS NULL
 LIMIT 1')
 2 SYSTEMPATH\Database\BaseConnection.php(734): CodeIgniter\Database\SQLite3\Connection->execute('SELECT *
FROM `owner`
WHERE `user_id` IS NULL
AND `owner`.`deleted_at` IS NULL
 LIMIT 1')
 3 SYSTEMPATH\Database\BaseConnection.php(648): CodeIgniter\Database\BaseConnection->simpleQuery('SELECT *
FROM `owner`
WHERE `user_id` IS NULL
AND `owner`.`deleted_at` IS NULL
 LIMIT 1')
 4 SYSTEMPATH\Database\BaseBuilder.php(1636): CodeIgniter\Database\BaseConnection->query('SELECT *
FROM `owner`
WHERE `user_id` IS NULL
AND `owner`.`deleted_at` IS NULL
 LIMIT 1', [], false)
 5 SYSTEMPATH\Model.php(330): CodeIgniter\Database\BaseBuilder->get()
 6 SYSTEMPATH\BaseModel.php(714): CodeIgniter\Model->doFirst()
 7 APPPATH\Controllers\EstateeController.php(67): CodeIgniter\BaseModel->first()
 8 SYSTEMPATH\CodeIgniter.php(933): App\Controllers\EstateeController->createEstate()
 9 SYSTEMPATH\CodeIgniter.php(509): CodeIgniter\CodeIgniter->runController(Object(App\Controllers\EstateeController))
10 SYSTEMPATH\CodeIgniter.php(355): CodeIgniter\CodeIgniter->handleRequest(null, Object(Config\Cache), false)
11 SYSTEMPATH\Boot.php(325): CodeIgniter\CodeIgniter->run()
12 SYSTEMPATH\Boot.php(67): CodeIgniter\Boot::runCodeIgniter(Object(CodeIgniter\CodeIgniter))
13 FCPATH\index.php(56): CodeIgniter\Boot::bootWeb(Object(Config\Paths))
14 SYSTEMPATH\rewrite.php(44): require_once('D:\\BACHELOR2026\\backend\\public\\index.php')
INFO - 2026-04-13 15:59:05 --> Session: Class initialized using 'CodeIgniter\Session\Handlers\FileHandler' driver.
INFO - 2026-04-13 16:00:02 --> Session: Class initialized using 'CodeIgniter\Session\Handlers\FileHandler' driver.
INFO - 2026-04-13 16:03:16 --> Session: Class initialized using 'CodeIgniter\Session\Handlers\FileHandler' driver.
