ERROR - 2026-05-25 10:00:33 --> Error connecting to the database: mysqli_sql_exception: Base 'hospis' inconnue in C:\Users\FBI DENIS STORE\Desktop\TestBachelor\HospitalBack\system\Database\MySQLi\Connection.php:186
Stack trace:
#0 C:\Users\FBI DENIS STORE\Desktop\TestBachelor\HospitalBack\system\Database\MySQLi\Connection.php(186): mysqli->real_connect('localhost', 'root', Object(SensitiveParameterValue), 'hospis', NULL, '', 0)
#1 C:\Users\FBI DENIS STORE\Desktop\TestBachelor\HospitalBack\system\Database\BaseConnection.php(421): CodeIgniter\Database\MySQLi\Connection->connect(false)
#2 C:\Users\FBI DENIS STORE\Desktop\TestBachelor\HospitalBack\system\Database\BaseConnection.php(616): CodeIgniter\Database\BaseConnection->initialize()
#3 C:\Users\FBI DENIS STORE\Desktop\TestBachelor\HospitalBack\system\Database\BaseConnection.php(1485): CodeIgniter\Database\BaseConnection->query('SHOW TABLES FRO...')
#4 C:\Users\FBI DENIS STORE\Desktop\TestBachelor\HospitalBack\system\Database\BaseConnection.php(1505): CodeIgniter\Database\BaseConnection->listTables()
#5 C:\Users\FBI DENIS STORE\Desktop\TestBachelor\HospitalBack\system\Database\MigrationRunner.php(759): CodeIgniter\Database\BaseConnection->tableExists('migrations')
#6 C:\Users\FBI DENIS STORE\Desktop\TestBachelor\HospitalBack\system\Database\MigrationRunner.php(163): CodeIgniter\Database\MigrationRunner->ensureTable()
#7 C:\Users\FBI DENIS STORE\Desktop\TestBachelor\HospitalBack\system\Commands\Database\Migrate.php(85): CodeIgniter\Database\MigrationRunner->latest(NULL)
#8 C:\Users\FBI DENIS STORE\Desktop\TestBachelor\HospitalBack\system\CLI\Commands.php(70): CodeIgniter\Commands\Database\Migrate->run(Array)
#9 C:\Users\FBI DENIS STORE\Desktop\TestBachelor\HospitalBack\system\CLI\Console.php(48): CodeIgniter\CLI\Commands->run('migrate', Array)
#10 C:\Users\FBI DENIS STORE\Desktop\TestBachelor\HospitalBack\system\Boot.php(351): CodeIgniter\CLI\Console->run()
#11 C:\Users\FBI DENIS STORE\Desktop\TestBachelor\HospitalBack\system\Boot.php(104): CodeIgniter\Boot::runCommand(Object(CodeIgniter\CLI\Console))
#12 C:\Users\FBI DENIS STORE\Desktop\TestBachelor\HospitalBack\spark(84): CodeIgniter\Boot::bootSpark(Object(Config\Paths))
#13 {main}

Next CodeIgniter\Database\Exceptions\DatabaseException: Base 'hospis' inconnue in C:\Users\FBI DENIS STORE\Desktop\TestBachelor\HospitalBack\system\Database\MySQLi\Connection.php:231
Stack trace:
#0 C:\Users\FBI DENIS STORE\Desktop\TestBachelor\HospitalBack\system\Database\BaseConnection.php(421): CodeIgniter\Database\MySQLi\Connection->connect(false)
#1 C:\Users\FBI DENIS STORE\Desktop\TestBachelor\HospitalBack\system\Database\BaseConnection.php(616): CodeIgniter\Database\BaseConnection->initialize()
#2 C:\Users\FBI DENIS STORE\Desktop\TestBachelor\HospitalBack\system\Database\BaseConnection.php(1485): CodeIgniter\Database\BaseConnection->query('SHOW TABLES FRO...')
#3 C:\Users\FBI DENIS STORE\Desktop\TestBachelor\HospitalBack\system\Database\BaseConnection.php(1505): CodeIgniter\Database\BaseConnection->listTables()
#4 C:\Users\FBI DENIS STORE\Desktop\TestBachelor\HospitalBack\system\Database\MigrationRunner.php(759): CodeIgniter\Database\BaseConnection->tableExists('migrations')
#5 C:\Users\FBI DENIS STORE\Desktop\TestBachelor\HospitalBack\system\Database\MigrationRunner.php(163): CodeIgniter\Database\MigrationRunner->ensureTable()
#6 C:\Users\FBI DENIS STORE\Desktop\TestBachelor\HospitalBack\system\Commands\Database\Migrate.php(85): CodeIgniter\Database\MigrationRunner->latest(NULL)
#7 C:\Users\FBI DENIS STORE\Desktop\TestBachelor\HospitalBack\system\CLI\Commands.php(70): CodeIgniter\Commands\Database\Migrate->run(Array)
#8 C:\Users\FBI DENIS STORE\Desktop\TestBachelor\HospitalBack\system\CLI\Console.php(48): CodeIgniter\CLI\Commands->run('migrate', Array)
#9 C:\Users\FBI DENIS STORE\Desktop\TestBachelor\HospitalBack\system\Boot.php(351): CodeIgniter\CLI\Console->run()
#10 C:\Users\FBI DENIS STORE\Desktop\TestBachelor\HospitalBack\system\Boot.php(104): CodeIgniter\Boot::runCommand(Object(CodeIgniter\CLI\Console))
#11 C:\Users\FBI DENIS STORE\Desktop\TestBachelor\HospitalBack\spark(84): CodeIgniter\Boot::bootSpark(Object(Config\Paths))
#12 {main}
ERROR - 2026-05-25 12:32:02 --> mysqli_sql_exception: Champ 'personel.name' inconnu dans field list in C:\Users\FBI DENIS STORE\Desktop\TestBachelor\HospitalBack\system\Database\MySQLi\Connection.php:312
Stack trace:
#0 C:\Users\FBI DENIS STORE\Desktop\TestBachelor\HospitalBack\system\Database\MySQLi\Connection.php(312): mysqli->query('SELECT `absence...', 0)
#1 C:\Users\FBI DENIS STORE\Desktop\TestBachelor\HospitalBack\system\Database\BaseConnection.php(734): CodeIgniter\Database\MySQLi\Connection->execute('SELECT `absence...')
#2 C:\Users\FBI DENIS STORE\Desktop\TestBachelor\HospitalBack\system\Database\BaseConnection.php(648): CodeIgniter\Database\BaseConnection->simpleQuery('SELECT `absence...')
#3 C:\Users\FBI DENIS STORE\Desktop\TestBachelor\HospitalBack\system\Database\BaseBuilder.php(1636): CodeIgniter\Database\BaseConnection->query('SELECT `absence...', Array, false)
#4 C:\Users\FBI DENIS STORE\Desktop\TestBachelor\HospitalBack\system\Model.php(286): CodeIgniter\Database\BaseBuilder->get()
#5 C:\Users\FBI DENIS STORE\Desktop\TestBachelor\HospitalBack\system\BaseModel.php(676): CodeIgniter\Model->doFindAll(0, 0)
#6 C:\Users\FBI DENIS STORE\Desktop\TestBachelor\HospitalBack\app\Controllers\AbsenceController.php(30): CodeIgniter\BaseModel->findAll()
#7 C:\Users\FBI DENIS STORE\Desktop\TestBachelor\HospitalBack\system\CodeIgniter.php(933): App\Controllers\AbsenceController->indexAbs()
#8 C:\Users\FBI DENIS STORE\Desktop\TestBachelor\HospitalBack\system\CodeIgniter.php(509): CodeIgniter\CodeIgniter->runController(Object(App\Controllers\AbsenceController))
#9 C:\Users\FBI DENIS STORE\Desktop\TestBachelor\HospitalBack\system\CodeIgniter.php(355): CodeIgniter\CodeIgniter->handleRequest(NULL, Object(Config\Cache), false)
#10 C:\Users\FBI DENIS STORE\Desktop\TestBachelor\HospitalBack\system\Boot.php(325): CodeIgniter\CodeIgniter->run()
#11 C:\Users\FBI DENIS STORE\Desktop\TestBachelor\HospitalBack\system\Boot.php(67): CodeIgniter\Boot::runCodeIgniter(Object(CodeIgniter\CodeIgniter))
#12 C:\Users\FBI DENIS STORE\Desktop\TestBachelor\HospitalBack\public\index.php(56): CodeIgniter\Boot::bootWeb(Object(Config\Paths))
#13 C:\Users\FBI DENIS STORE\Desktop\TestBachelor\HospitalBack\system\rewrite.php(44): require_once('C:\\Users\\FBI DE...')
#14 {main}
CRITICAL - 2026-05-25 12:32:02 --> CodeIgniter\Database\Exceptions\DatabaseException: Champ 'personel.name' inconnu dans field list
[Method: GET, Route: absence/]
in SYSTEMPATH\Database\BaseConnection.php on line 688.
 1 SYSTEMPATH\Database\BaseBuilder.php(1636): CodeIgniter\Database\BaseConnection->query('SELECT `absence`.`id_absence`, `absence`.`motif`, `absence`.`date`, `personel`.`name`
FROM `absence`
JOIN `personel` ON `absence`.`id_personel` = `personel`.`id_personel`
WHERE `absence`.`deleted_at` IS NULL', [], false)
 2 SYSTEMPATH\Model.php(286): CodeIgniter\Database\BaseBuilder->get()
 3 SYSTEMPATH\BaseModel.php(676): CodeIgniter\Model->doFindAll(0, 0)
 4 APPPATH\Controllers\AbsenceController.php(30): CodeIgniter\BaseModel->findAll()
 5 SYSTEMPATH\CodeIgniter.php(933): App\Controllers\AbsenceController->indexAbs()
 6 SYSTEMPATH\CodeIgniter.php(509): CodeIgniter\CodeIgniter->runController(Object(App\Controllers\AbsenceController))
 7 SYSTEMPATH\CodeIgniter.php(355): CodeIgniter\CodeIgniter->handleRequest(null, Object(Config\Cache), false)
 8 SYSTEMPATH\Boot.php(325): CodeIgniter\CodeIgniter->run()
 9 SYSTEMPATH\Boot.php(67): CodeIgniter\Boot::runCodeIgniter(Object(CodeIgniter\CodeIgniter))
10 FCPATH\index.php(56): CodeIgniter\Boot::bootWeb(Object(Config\Paths))
11 SYSTEMPATH\rewrite.php(44): require_once('C:\\Users\\FBI DENIS STORE\\Desktop\\TestBachelor\\HospitalBack\\public\\index.php')
CRITICAL - 2026-05-25 12:32:02 --> [Caused by] CodeIgniter\Database\Exceptions\DatabaseException: Champ 'personel.name' inconnu dans field list
in SYSTEMPATH\Database\MySQLi\Connection.php on line 317.
 1 SYSTEMPATH\Database\BaseConnection.php(734): CodeIgniter\Database\MySQLi\Connection->execute('SELECT `absence`.`id_absence`, `absence`.`motif`, `absence`.`date`, `personel`.`name`
FROM `absence`
JOIN `personel` ON `absence`.`id_personel` = `personel`.`id_personel`
WHERE `absence`.`deleted_at` IS NULL')
 2 SYSTEMPATH\Database\BaseConnection.php(648): CodeIgniter\Database\BaseConnection->simpleQuery('SELECT `absence`.`id_absence`, `absence`.`motif`, `absence`.`date`, `personel`.`name`
FROM `absence`
JOIN `personel` ON `absence`.`id_personel` = `personel`.`id_personel`
WHERE `absence`.`deleted_at` IS NULL')
 3 SYSTEMPATH\Database\BaseBuilder.php(1636): CodeIgniter\Database\BaseConnection->query('SELECT `absence`.`id_absence`, `absence`.`motif`, `absence`.`date`, `personel`.`name`
FROM `absence`
JOIN `personel` ON `absence`.`id_personel` = `personel`.`id_personel`
WHERE `absence`.`deleted_at` IS NULL', [], false)
 4 SYSTEMPATH\Model.php(286): CodeIgniter\Database\BaseBuilder->get()
 5 SYSTEMPATH\BaseModel.php(676): CodeIgniter\Model->doFindAll(0, 0)
 6 APPPATH\Controllers\AbsenceController.php(30): CodeIgniter\BaseModel->findAll()
 7 SYSTEMPATH\CodeIgniter.php(933): App\Controllers\AbsenceController->indexAbs()
 8 SYSTEMPATH\CodeIgniter.php(509): CodeIgniter\CodeIgniter->runController(Object(App\Controllers\AbsenceController))
 9 SYSTEMPATH\CodeIgniter.php(355): CodeIgniter\CodeIgniter->handleRequest(null, Object(Config\Cache), false)
10 SYSTEMPATH\Boot.php(325): CodeIgniter\CodeIgniter->run()
11 SYSTEMPATH\Boot.php(67): CodeIgniter\Boot::runCodeIgniter(Object(CodeIgniter\CodeIgniter))
12 FCPATH\index.php(56): CodeIgniter\Boot::bootWeb(Object(Config\Paths))
13 SYSTEMPATH\rewrite.php(44): require_once('C:\\Users\\FBI DENIS STORE\\Desktop\\TestBachelor\\HospitalBack\\public\\index.php')
CRITICAL - 2026-05-25 12:32:02 --> [Caused by] mysqli_sql_exception: Champ 'personel.name' inconnu dans field list
in SYSTEMPATH\Database\MySQLi\Connection.php on line 312.
 1 SYSTEMPATH\Database\MySQLi\Connection.php(312): mysqli->query('SELECT `absence`.`id_absence`, `absence`.`motif`, `absence`.`date`, `personel`.`name`
FROM `absence`
JOIN `personel` ON `absence`.`id_personel` = `personel`.`id_personel`
WHERE `absence`.`deleted_at` IS NULL', 0)
 2 SYSTEMPATH\Database\BaseConnection.php(734): CodeIgniter\Database\MySQLi\Connection->execute('SELECT `absence`.`id_absence`, `absence`.`motif`, `absence`.`date`, `personel`.`name`
FROM `absence`
JOIN `personel` ON `absence`.`id_personel` = `personel`.`id_personel`
WHERE `absence`.`deleted_at` IS NULL')
 3 SYSTEMPATH\Database\BaseConnection.php(648): CodeIgniter\Database\BaseConnection->simpleQuery('SELECT `absence`.`id_absence`, `absence`.`motif`, `absence`.`date`, `personel`.`name`
FROM `absence`
JOIN `personel` ON `absence`.`id_personel` = `personel`.`id_personel`
WHERE `absence`.`deleted_at` IS NULL')
 4 SYSTEMPATH\Database\BaseBuilder.php(1636): CodeIgniter\Database\BaseConnection->query('SELECT `absence`.`id_absence`, `absence`.`motif`, `absence`.`date`, `personel`.`name`
FROM `absence`
JOIN `personel` ON `absence`.`id_personel` = `personel`.`id_personel`
WHERE `absence`.`deleted_at` IS NULL', [], false)
 5 SYSTEMPATH\Model.php(286): CodeIgniter\Database\BaseBuilder->get()
 6 SYSTEMPATH\BaseModel.php(676): CodeIgniter\Model->doFindAll(0, 0)
 7 APPPATH\Controllers\AbsenceController.php(30): CodeIgniter\BaseModel->findAll()
 8 SYSTEMPATH\CodeIgniter.php(933): App\Controllers\AbsenceController->indexAbs()
 9 SYSTEMPATH\CodeIgniter.php(509): CodeIgniter\CodeIgniter->runController(Object(App\Controllers\AbsenceController))
10 SYSTEMPATH\CodeIgniter.php(355): CodeIgniter\CodeIgniter->handleRequest(null, Object(Config\Cache), false)
11 SYSTEMPATH\Boot.php(325): CodeIgniter\CodeIgniter->run()
12 SYSTEMPATH\Boot.php(67): CodeIgniter\Boot::runCodeIgniter(Object(CodeIgniter\CodeIgniter))
13 FCPATH\index.php(56): CodeIgniter\Boot::bootWeb(Object(Config\Paths))
14 SYSTEMPATH\rewrite.php(44): require_once('C:\\Users\\FBI DENIS STORE\\Desktop\\TestBachelor\\HospitalBack\\public\\index.php')
CRITICAL - 2026-05-25 12:59:28 --> ErrorException: Undefined variable $id_absence
[Method: GET, Route: absence/showAbsence/1]
in APPPATH\Controllers\AbsenceController.php on line 56.
 1 APPPATH\Controllers\AbsenceController.php(56): CodeIgniter\Debug\Exceptions->errorHandler(2, 'Undefined variable $id_absence', 'C:\\Users\\FBI DENIS STORE\\Desktop\\TestBachelor\\HospitalBack\\app\\Controllers\\AbsenceController.php', 56)
 2 SYSTEMPATH\CodeIgniter.php(933): App\Controllers\AbsenceController->showAbs('1')
 3 SYSTEMPATH\CodeIgniter.php(509): CodeIgniter\CodeIgniter->runController(Object(App\Controllers\AbsenceController))
 4 SYSTEMPATH\CodeIgniter.php(355): CodeIgniter\CodeIgniter->handleRequest(null, Object(Config\Cache), false)
 5 SYSTEMPATH\Boot.php(325): CodeIgniter\CodeIgniter->run()
 6 SYSTEMPATH\Boot.php(67): CodeIgniter\Boot::runCodeIgniter(Object(CodeIgniter\CodeIgniter))
 7 FCPATH\index.php(56): CodeIgniter\Boot::bootWeb(Object(Config\Paths))
 8 SYSTEMPATH\rewrite.php(44): require_once('C:\\Users\\FBI DENIS STORE\\Desktop\\TestBachelor\\HospitalBack\\public\\index.php')
ERROR - 2026-05-25 13:02:01 --> mysqli_sql_exception: Champ 'users.name' inconnu dans field list in C:\Users\FBI DENIS STORE\Desktop\TestBachelor\HospitalBack\system\Database\MySQLi\Connection.php:312
Stack trace:
#0 C:\Users\FBI DENIS STORE\Desktop\TestBachelor\HospitalBack\system\Database\MySQLi\Connection.php(312): mysqli->query('SELECT `absence...', 0)
#1 C:\Users\FBI DENIS STORE\Desktop\TestBachelor\HospitalBack\system\Database\BaseConnection.php(734): CodeIgniter\Database\MySQLi\Connection->execute('SELECT `absence...')
#2 C:\Users\FBI DENIS STORE\Desktop\TestBachelor\HospitalBack\system\Database\BaseConnection.php(648): CodeIgniter\Database\BaseConnection->simpleQuery('SELECT `absence...')
#3 C:\Users\FBI DENIS STORE\Desktop\TestBachelor\HospitalBack\system\Database\BaseBuilder.php(1636): CodeIgniter\Database\BaseConnection->query('SELECT `absence...', Array, false)
#4 C:\Users\FBI DENIS STORE\Desktop\TestBachelor\HospitalBack\system\Model.php(330): CodeIgniter\Database\BaseBuilder->get()
#5 C:\Users\FBI DENIS STORE\Desktop\TestBachelor\HospitalBack\system\BaseModel.php(714): CodeIgniter\Model->doFirst()
#6 C:\Users\FBI DENIS STORE\Desktop\TestBachelor\HospitalBack\app\Controllers\AbsenceController.php(64): CodeIgniter\BaseModel->first()
#7 C:\Users\FBI DENIS STORE\Desktop\TestBachelor\HospitalBack\system\CodeIgniter.php(933): App\Controllers\AbsenceController->showAbs('1')
#8 C:\Users\FBI DENIS STORE\Desktop\TestBachelor\HospitalBack\system\CodeIgniter.php(509): CodeIgniter\CodeIgniter->runController(Object(App\Controllers\AbsenceController))
#9 C:\Users\FBI DENIS STORE\Desktop\TestBachelor\HospitalBack\system\CodeIgniter.php(355): CodeIgniter\CodeIgniter->handleRequest(NULL, Object(Config\Cache), false)
#10 C:\Users\FBI DENIS STORE\Desktop\TestBachelor\HospitalBack\system\Boot.php(325): CodeIgniter\CodeIgniter->run()
#11 C:\Users\FBI DENIS STORE\Desktop\TestBachelor\HospitalBack\system\Boot.php(67): CodeIgniter\Boot::runCodeIgniter(Object(CodeIgniter\CodeIgniter))
#12 C:\Users\FBI DENIS STORE\Desktop\TestBachelor\HospitalBack\public\index.php(56): CodeIgniter\Boot::bootWeb(Object(Config\Paths))
#13 C:\Users\FBI DENIS STORE\Desktop\TestBachelor\HospitalBack\system\rewrite.php(44): require_once('C:\\Users\\FBI DE...')
#14 {main}
CRITICAL - 2026-05-25 13:02:01 --> CodeIgniter\Database\Exceptions\DatabaseException: Champ 'users.name' inconnu dans field list
[Method: GET, Route: absence/showAbsence/1]
in SYSTEMPATH\Database\BaseConnection.php on line 688.
 1 SYSTEMPATH\Database\BaseBuilder.php(1636): CodeIgniter\Database\BaseConnection->query('SELECT `absence`.`id_absence`, `absence`.`motif`, `absence`.`date`, `absence`.`statut`, `users`.`name`
FROM `absence`
JOIN `personel` ON `absence`.`id_personel` = `personel`.`id_personel`
JOIN `users` ON `personel`.`id_user` = `users`.`id_user`
WHERE `absence`.`id_absence` = :absence.id_absence:
AND `absence`.`deleted_at` IS NULL
 LIMIT 1', [...], false)
 2 SYSTEMPATH\Model.php(330): CodeIgniter\Database\BaseBuilder->get()
 3 SYSTEMPATH\BaseModel.php(714): CodeIgniter\Model->doFirst()
 4 APPPATH\Controllers\AbsenceController.php(64): CodeIgniter\BaseModel->first()
 5 SYSTEMPATH\CodeIgniter.php(933): App\Controllers\AbsenceController->showAbs('1')
 6 SYSTEMPATH\CodeIgniter.php(509): CodeIgniter\CodeIgniter->runController(Object(App\Controllers\AbsenceController))
 7 SYSTEMPATH\CodeIgniter.php(355): CodeIgniter\CodeIgniter->handleRequest(null, Object(Config\Cache), false)
 8 SYSTEMPATH\Boot.php(325): CodeIgniter\CodeIgniter->run()
 9 SYSTEMPATH\Boot.php(67): CodeIgniter\Boot::runCodeIgniter(Object(CodeIgniter\CodeIgniter))
10 FCPATH\index.php(56): CodeIgniter\Boot::bootWeb(Object(Config\Paths))
11 SYSTEMPATH\rewrite.php(44): require_once('C:\\Users\\FBI DENIS STORE\\Desktop\\TestBachelor\\HospitalBack\\public\\index.php')
CRITICAL - 2026-05-25 13:02:01 --> [Caused by] CodeIgniter\Database\Exceptions\DatabaseException: Champ 'users.name' inconnu dans field list
in SYSTEMPATH\Database\MySQLi\Connection.php on line 317.
 1 SYSTEMPATH\Database\BaseConnection.php(734): CodeIgniter\Database\MySQLi\Connection->execute('SELECT `absence`.`id_absence`, `absence`.`motif`, `absence`.`date`, `absence`.`statut`, `users`.`name`
FROM `absence`
JOIN `personel` ON `absence`.`id_personel` = `personel`.`id_personel`
JOIN `users` ON `personel`.`id_user` = `users`.`id_user`
WHERE `absence`.`id_absence` = \'1\'
AND `absence`.`deleted_at` IS NULL
 LIMIT 1')
 2 SYSTEMPATH\Database\BaseConnection.php(648): CodeIgniter\Database\BaseConnection->simpleQuery('SELECT `absence`.`id_absence`, `absence`.`motif`, `absence`.`date`, `absence`.`statut`, `users`.`name`
FROM `absence`
JOIN `personel` ON `absence`.`id_personel` = `personel`.`id_personel`
JOIN `users` ON `personel`.`id_user` = `users`.`id_user`
WHERE `absence`.`id_absence` = \'1\'
AND `absence`.`deleted_at` IS NULL
 LIMIT 1')
 3 SYSTEMPATH\Database\BaseBuilder.php(1636): CodeIgniter\Database\BaseConnection->query('SELECT `absence`.`id_absence`, `absence`.`motif`, `absence`.`date`, `absence`.`statut`, `users`.`name`
FROM `absence`
JOIN `personel` ON `absence`.`id_personel` = `personel`.`id_personel`
JOIN `users` ON `personel`.`id_user` = `users`.`id_user`
WHERE `absence`.`id_absence` = :absence.id_absence:
AND `absence`.`deleted_at` IS NULL
 LIMIT 1', [...], false)
 4 SYSTEMPATH\Model.php(330): CodeIgniter\Database\BaseBuilder->get()
 5 SYSTEMPATH\BaseModel.php(714): CodeIgniter\Model->doFirst()
 6 APPPATH\Controllers\AbsenceController.php(64): CodeIgniter\BaseModel->first()
 7 SYSTEMPATH\CodeIgniter.php(933): App\Controllers\AbsenceController->showAbs('1')
 8 SYSTEMPATH\CodeIgniter.php(509): CodeIgniter\CodeIgniter->runController(Object(App\Controllers\AbsenceController))
 9 SYSTEMPATH\CodeIgniter.php(355): CodeIgniter\CodeIgniter->handleRequest(null, Object(Config\Cache), false)
10 SYSTEMPATH\Boot.php(325): CodeIgniter\CodeIgniter->run()
11 SYSTEMPATH\Boot.php(67): CodeIgniter\Boot::runCodeIgniter(Object(CodeIgniter\CodeIgniter))
12 FCPATH\index.php(56): CodeIgniter\Boot::bootWeb(Object(Config\Paths))
13 SYSTEMPATH\rewrite.php(44): require_once('C:\\Users\\FBI DENIS STORE\\Desktop\\TestBachelor\\HospitalBack\\public\\index.php')
CRITICAL - 2026-05-25 13:02:01 --> [Caused by] mysqli_sql_exception: Champ 'users.name' inconnu dans field list
in SYSTEMPATH\Database\MySQLi\Connection.php on line 312.
 1 SYSTEMPATH\Database\MySQLi\Connection.php(312): mysqli->query('SELECT `absence`.`id_absence`, `absence`.`motif`, `absence`.`date`, `absence`.`statut`, `users`.`name`
FROM `absence`
JOIN `personel` ON `absence`.`id_personel` = `personel`.`id_personel`
JOIN `users` ON `personel`.`id_user` = `users`.`id_user`
WHERE `absence`.`id_absence` = \'1\'
AND `absence`.`deleted_at` IS NULL
 LIMIT 1', 0)
 2 SYSTEMPATH\Database\BaseConnection.php(734): CodeIgniter\Database\MySQLi\Connection->execute('SELECT `absence`.`id_absence`, `absence`.`motif`, `absence`.`date`, `absence`.`statut`, `users`.`name`
FROM `absence`
JOIN `personel` ON `absence`.`id_personel` = `personel`.`id_personel`
JOIN `users` ON `personel`.`id_user` = `users`.`id_user`
WHERE `absence`.`id_absence` = \'1\'
AND `absence`.`deleted_at` IS NULL
 LIMIT 1')
 3 SYSTEMPATH\Database\BaseConnection.php(648): CodeIgniter\Database\BaseConnection->simpleQuery('SELECT `absence`.`id_absence`, `absence`.`motif`, `absence`.`date`, `absence`.`statut`, `users`.`name`
FROM `absence`
JOIN `personel` ON `absence`.`id_personel` = `personel`.`id_personel`
JOIN `users` ON `personel`.`id_user` = `users`.`id_user`
WHERE `absence`.`id_absence` = \'1\'
AND `absence`.`deleted_at` IS NULL
 LIMIT 1')
 4 SYSTEMPATH\Database\BaseBuilder.php(1636): CodeIgniter\Database\BaseConnection->query('SELECT `absence`.`id_absence`, `absence`.`motif`, `absence`.`date`, `absence`.`statut`, `users`.`name`
FROM `absence`
JOIN `personel` ON `absence`.`id_personel` = `personel`.`id_personel`
JOIN `users` ON `personel`.`id_user` = `users`.`id_user`
WHERE `absence`.`id_absence` = :absence.id_absence:
AND `absence`.`deleted_at` IS NULL
 LIMIT 1', [...], false)
 5 SYSTEMPATH\Model.php(330): CodeIgniter\Database\BaseBuilder->get()
 6 SYSTEMPATH\BaseModel.php(714): CodeIgniter\Model->doFirst()
 7 APPPATH\Controllers\AbsenceController.php(64): CodeIgniter\BaseModel->first()
 8 SYSTEMPATH\CodeIgniter.php(933): App\Controllers\AbsenceController->showAbs('1')
 9 SYSTEMPATH\CodeIgniter.php(509): CodeIgniter\CodeIgniter->runController(Object(App\Controllers\AbsenceController))
10 SYSTEMPATH\CodeIgniter.php(355): CodeIgniter\CodeIgniter->handleRequest(null, Object(Config\Cache), false)
11 SYSTEMPATH\Boot.php(325): CodeIgniter\CodeIgniter->run()
12 SYSTEMPATH\Boot.php(67): CodeIgniter\Boot::runCodeIgniter(Object(CodeIgniter\CodeIgniter))
13 FCPATH\index.php(56): CodeIgniter\Boot::bootWeb(Object(Config\Paths))
14 SYSTEMPATH\rewrite.php(44): require_once('C:\\Users\\FBI DENIS STORE\\Desktop\\TestBachelor\\HospitalBack\\public\\index.php')
